Archive member included because of file (symbol)

/cygdrive/d/TWESDK/Wks_ToCoNet/App_Key/../../Wks_libToCoNet/libToCoNet/lib/libToCoNet_JN5164.a(ToCoNet_event.o)
                              objs_JN5164/Master.o (_PRSEV_u8Register)
/cygdrive/d/TWESDK/Wks_ToCoNet/App_Key/../../Wks_libToCoNet/libToCoNet/lib/libToCoNet_JN5164.a(ToCoNet_main.o)
                              objs_JN5164/Master.o (_ToCoNet_vDebugInit)
/cygdrive/d/TWESDK/Wks_ToCoNet/App_Key/../../Wks_libToCoNet/libToCoNet/lib/libToCoNet_JN5164.a(ToCoNet_utils.o)
                              objs_JN5164/Master.o (_ToCoNet_u32GetVersion)
/cygdrive/d/TWESDK/Wks_ToCoNet/App_Key/../../Wks_libToCoNet/libToCoNet/lib/libToCoNet_JN5164.a(ToCoNet_mod_Tx.o)
                              objs_JN5164/Master.o (_ToCoNet_vReg_mod_Tx_Standard)
/cygdrive/d/TWESDK/Wks_ToCoNet/App_Key/../../Wks_libToCoNet/libToCoNet/lib/libToCoNet_JN5164.a(ToCoNet_mod_TxRxQueue.o)
                              objs_JN5164/Master.o (_ToCoNet_vReg_mod_TxRxQueueBig)
/cygdrive/d/TWESDK/Wks_ToCoNet/App_Key/../../Wks_libToCoNet/libToCoNet/lib/libToCoNet_JN5164.a(ToCoNet_mod_Nwk_Common.o)
                              /cygdrive/d/TWESDK/Wks_ToCoNet/App_Key/../../Wks_libToCoNet/libToCoNet/lib/libToCoNet_JN5164.a(ToCoNet_main.o) (_ToCoNet_vRxProc_App)
/cygdrive/d/TWESDK/Wks_ToCoNet/App_Key/../../Wks_libToCoNet/libToCoNet/lib/libToCoNet_JN5164.a(ToCoNet_mod_Channel_Mgr.o)
                              /cygdrive/d/TWESDK/Wks_ToCoNet/App_Key/../../Wks_libToCoNet/libToCoNet/lib/libToCoNet_JN5164.a(ToCoNet_main.o) (_ToCoNet_ChMgr_bCh_Reconfig)
/cygdrive/d/TWESDK/Wks_ToCoNet/App_Key/../../Wks_libToCoNet/libToCoNet/lib/libToCoNet_JN5164.a(Version.o)
                              /cygdrive/d/TWESDK/Wks_ToCoNet/App_Key/../../Wks_libToCoNet/libToCoNet/lib/libToCoNet_JN5164.a(ToCoNet_utils.o) (_au8ToCoNetVersionInfo)
/cygdrive/d/TWESDK/Wks_ToCoNet/App_Key/../../Wks_libToCoNet/libToCoNet/lib/libToCoNet_JN5164.a(AppQueueApi_ToCoNet.o)
                              /cygdrive/d/TWESDK/Wks_ToCoNet/App_Key/../../Wks_libToCoNet/libToCoNet/lib/libToCoNet_JN5164.a(ToCoNet_main.o) (_psAppQApiReadHwIndT)
/cygdrive/d/TWESDK/Wks_ToCoNet/App_Key/../../Wks_libToCoNet/libToCoNet/lib/libToCoNetExt_JN5164.a(AppStart.o)
                              /cygdrive/d/TWESDK/Wks_ToCoNet/App_Key/../../Wks_libToCoNet/libToCoNet/lib/libToCoNet_JN5164.a(ToCoNet_mod_Channel_Mgr.o) (__ToCoNet_bRfChChannel)
/cygdrive/d/TWESDK/Wks_ToCoNet/App_Key/../../Wks_libToCoNet/libToCoNet/lib/libToCoNetExt_JN5164.a(getMacAddr.o)
                              /cygdrive/d/TWESDK/Wks_ToCoNet/App_Key/../../Wks_libToCoNet/libToCoNet/lib/libToCoNet_JN5164.a(ToCoNet_main.o) (_ToCoNet_u32GetSerialOnBoot)
/cygdrive/d/TWESDK/Wks_ToCoNet/App_Key/../../Wks_libToCoNet/libToCoNet/lib/libToCoNetExt_JN5164.a(mac.o)
                              /cygdrive/d/TWESDK/Wks_ToCoNet/App_Key/../../Wks_libToCoNet/libToCoNet/lib/libToCoNet_JN5164.a(ToCoNet_main.o) (_Mac_bRxQueueReg)
/cygdrive/d/TWESDK/Wks_ToCoNet/App_Key/../../Wks_libToCoNet/libToCoNet/lib/libToCoNetExt_JN5164.a(AES_CCM.o)
                              /cygdrive/d/TWESDK/Wks_ToCoNet/App_Key/../../Wks_libToCoNet/libToCoNet/lib/libToCoNetExt_JN5164.a(mac.o) (_bAES_CCM_Encode)
/cygdrive/d/TWESDK/Wks_ToCoNet/App_Key/../../Wks_libToCoNet/libToCoNet/lib/libToCoNetExt_JN5164.a(eeprom_6x.o)
                              objs_JN5164/flash.o (_EEP_6x_bRead)
/cygdrive/d/TWESDK/Wks_ToCoNet/App_Key/../../Wks_libToCoNet/libToCoNet/lib/libToCoNetExt_JN5164.a(no_ack_handler.o)
                              /cygdrive/d/TWESDK/Wks_ToCoNet/App_Key/../../Wks_libToCoNet/libToCoNet/lib/libToCoNetExt_JN5164.a(AppStart.o) (_vInstallNoAckHandler)
/cygdrive/d/TWESDK/Wks_ToCoNet/App_Key/../../Wks_libToCoNet/libToCoNet/lib/libToCoNetExt_JN5164.a(Version.o)
                              /cygdrive/d/TWESDK/Wks_ToCoNet/App_Key/../../Wks_libToCoNet/libToCoNet/lib/libToCoNet_JN5164.a(ToCoNet_utils.o) (_au8ToCoNetExtVersionInfo)
/cygdrive/d/TWESDK/Wks_ToCoNet/App_Key/../../Wks_libToCoNet/libToCoNet/lib/libToCoNetExt_JN5164.a(AHI_FlashIndexSector.o)
                              /cygdrive/d/TWESDK/Wks_ToCoNet/App_Key/../../Wks_libToCoNet/libToCoNet/lib/libToCoNetExt_JN5164.a(AppStart.o) (_bAHI_ReadUserData)
/cygdrive/d/TWESDK/Wks_ToCoNet/App_Key/../../Wks_libToCoNet/libToCoNet/lib/libToCoNetExt_JN5164.a(PDM_EEPROM.o)
                              /cygdrive/d/TWESDK/Wks_ToCoNet/App_Key/../../Wks_libToCoNet/libToCoNet/lib/libToCoNetExt_JN5164.a(eeprom_6x.o) (_bPDM_InitialiseEEPROM)
/cygdrive/d/TWESDK/Wks_ToCoNet/App_Key/../../Wks_libToCoNet/libToCoNet/lib/libToCoNetExt_JN5164.a(PDM_Create.o)
                              /cygdrive/d/TWESDK/Wks_ToCoNet/App_Key/../../Wks_libToCoNet/libToCoNet/lib/libToCoNetExt_JN5164.a(PDM_EEPROM.o) (_psPDM_Common)
/cygdrive/d/TWESDK/Wks_ToCoNet/App_Key/../../Wks_libToCoNet/libToCoNet/lib/libToCoNetUtils_JN5164.a(serial.o)
                              objs_JN5164/Master.o (_SERIAL_bRxQueueEmpty)
[...]
Memory Configuration

Name             Origin             Length             Attributes
flash            0x00080000         0x00028000
ram              0x0400004c         0x00007fb4
*default*        0x00000000         0xffffffff

Linker script and memory map

LOAD objs_JN5164/Master.o
LOAD objs_JN5164/common.o
LOAD objs_JN5164/flash.o
LOAD objs_JN5164/modbus_ascii.o
LOAD objs_JN5164/input_string.o
LOAD objs_JN5164/sensor_driver.o
LOAD objs_JN5164/adc.o
LOAD objs_JN5164/duplicate_checker.o
LOAD objs_JN5164/SMBus.o
LOAD objs_JN5164/key.o
LOAD /cygdrive/d/TWESDK/Wks_ToCoNet/App_Key/../../Wks_libToCoNet/libToCoNet/lib/libToCoNet_JN5164.a
LOAD /cygdrive/d/TWESDK/Wks_ToCoNet/App_Key/../../Wks_libToCoNet/libToCoNet/lib/libToCoNetExt_JN5164.a
LOAD /cygdrive/d/TWESDK/Wks_ToCoNet/App_Key/../../Wks_libToCoNet/libToCoNet/lib/libToCoNetUtils_JN5164.a
START GROUP
LOAD /cygdrive/d/TWESDK/516x/Components/Library/libAppApi_JN516x.a
LOAD /cygdrive/d/TWESDK/516x/Components/Library/libMac_JN516x.a
LOAD /cygdrive/d/TWESDK/516x/Components/Library/libTof_JN516x.a
LOAD /cygdrive/d/TWESDK/516x/Components/Library/libXcv_JN516x.a
LOAD /cygdrive/d/TWESDK/516x/Components/Library/libAES_CCM_SW_PATCH_JN516x.a
LOAD /cygdrive/d/TWESDK/516x/Components/Library/libAes_JN516x.a
LOAD /cygdrive/d/TWESDK/516x/Components/Library/libTimerServer_JN516x.a
LOAD /cygdrive/d/TWESDK/516x/Components/Library/libHardwareApi_JN516x.a
LOAD /cygdrive/d/TWESDK/516x/Components/Library/libMicroSpecific_JN516x.a
LOAD /cygdrive/d/TWESDK/516x/Components/Library/libBoot_JN516x.a
LOAD /cygdrive/d/TWESDK/516x/Components/Library/libMaths_JN516x.a
LOAD /cygdrive/d/TWESDK/Wks_ToCoNet/App_Key/../../Wks_libToCoNet/libToCoNet/lib/libToCoNet_JN5164.a
LOAD /cygdrive/d/TWESDK/Wks_ToCoNet/App_Key/../../Wks_libToCoNet/libToCoNet/lib/libToCoNetExt_JN5164.a
LOAD /cygdrive/d/TWESDK/Wks_ToCoNet/App_Key/../../Wks_libToCoNet/libToCoNet/lib/libToCoNetUtils_JN5164.a
END GROUP
LOAD /cygdrive/d/TWESDK/Tools/ba-elf-ba2/bin/../lib/gcc/ba-elf/4.1.2/ba2/libgcc.a
LOAD /cygdrive/d/TWESDK/Tools/ba-elf-ba2/bin/../lib/gcc/ba-elf/4.1.2/../../../../ba-elf/lib/ba2/libc.a
LOAD /cygdrive/d/TWESDK/Tools/ba-elf-ba2/bin/../lib/gcc/ba-elf/4.1.2/ba2/libgcc.a
                0x00001000                _stack_size = 0x1000
                0x00080038                __exception_vsr_table = 0x80038
                0x04000000                _pSPIflashFncTable = 0x4000000
                0x00001000                _stack_size = 0x1000
                0x00000044                restore_state = 0x44
                0x0000004a                _bZSPIWaitWIPClear = 0x4a
                0x00000050                _u16ZSPIflashRDID = 0x50
                0x00000056                _u8SelectFlashChipType = 0x56
                0x0000005c                _memcpy = 0x5c
                0x00000066                _vBootFlashProg = 0x66
                [0x00000d16]                _minimum_heap_size = DEFINED (_minimum_heap_size)?_minimum_heap_size:0xd16
                0x00000000                _SwConfig = (DEFINED (g_bSWConf_Debug) | (DEFINED (g_bSWConf_AltDebugPort) << 0x1))

.version        0x0007fffc        0x4
                0x0007fffc        0x4 LONG 0x4030008

.bir            0x00080000       0x10
                0x00080000                _flash_start = <code 342> (.)
                0x00080000                _flash_beg = <code 342> (.)
                0x00080000        0x4 LONG 0x12345678
                0x00080004        0x4 LONG 0x11223344
                0x00080008        0x4 LONG 0x55667788
                0x0008000c        0x1 BYTE 0x8
                0x0008000d        0x1 BYTE 0x1
                0x0008000e        0x2 SHORT 0x0

.flashheader    0x00080010       0x28
                0x00080010        0x4 LONG 0x0
                0x00080014        0x4 LONG 0x0
                0x00080018        0x4 LONG 0x0
                0x0008001c        0x2 SHORT 0x0
                0x0008001e        0x2 SHORT 0x0 <code 342> (_SwConfig)
                0x00080020                _enc_start = <code 342> (.)
                0x00080020        0x4 LONG 0x1108c <code 342> (_image_len)
                0x00000000                _enc_offset = (_enc_start & 0xf)
                [0x00000020]                _enc_start = (_enc_start - _flash_beg)
                0x00080024        0x4 LONG 0x9105c <code 342> (_flash_data_start)
                0x00080028        0x2 SHORT 0x13 ((<code 342> (_ram_data_start) / 0x4) & 0xffff)
                0x0008002a        0x2 SHORT 0xc ((<code 342> (_ram_data_len) / 0x4) & 0xffff)
                0x0008002c        0x2 SHORT 0x1f ((<code 342> (_bss_start) / 0x4) & 0xffff)
                0x0008002e        0x2 SHORT 0x1341 ((<code 342> (_bss_len) / 0x4) & 0xffff)
                0x00080030        0x4 LONG 0x87093 <code 342> (_AppWarmStart)
                0x00080034        0x4 LONG 0x8723f <code 342> (_AppColdStart)
                0x00000044                PROVIDE (_vException_BusError, restore_state)
                0x00000044                PROVIDE (_vException_UnalignedAccess, restore_state)
                0x00000044                PROVIDE (_vException_IllegalInstruction, restore_state)
                0x00000044                PROVIDE (_vException_SysCall, restore_state)
                0x00000044                PROVIDE (_vException_Trap, restore_state)
                0x00000044                PROVIDE (_vException_StackOverflow, restore_state)
                0x00080038                . = <code 342> (__exception_vsr_table)

.vsr_table      0x00080038       0x18
                0x00080038        0x4 LONG 0x44 <code 342> (_vException_BusError)
                0x0008003c        0x4 LONG 0x44 <code 342> (_vException_UnalignedAccess)
                0x00080040        0x4 LONG 0x44 <code 342> (_vException_IllegalInstruction)
                0x00080044        0x4 LONG 0x44 <code 342> (_vException_SysCall)
                0x00080048        0x4 LONG 0x44 <code 342> (_vException_Trap)
                0x0008004c        0x4 LONG 0x44 <code 342> (_vException_StackOverflow)

.vsr_handlers   0x00080050       0xab
 *(.vsr_handlers)
 .vsr_handlers  0x00080050       0xab /cygdrive/d/TWESDK/516x/Components/Library/libBoot_JN516x.a(ExceptionHandler.o)
                0x00080050                __exception_external_interrupt
                0x000800f9                __default_vsr_dummy

.rodata         0x000800fc      0xd7d
 *(.rodata*)
 .rodata.str1.1
                0x000800fc      0x8fb objs_JN5164/Master.o
                                0x910 (size before relaxing)
 .rodata.au8name.5640
                0x000809f7        0x3 objs_JN5164/Master.o
 .rodata.au8data.6047
                0x000809fa        0x5 objs_JN5164/Master.o
 .rodata.au8data2.6095
                0x000809ff        0x5 objs_JN5164/Master.o
 .rodata.au8data.6079
                0x00080a04        0x7 objs_JN5164/Master.o
 .rodata.au8PortTbl_DIn
                0x00080a0b        0x4 objs_JN5164/common.o
                0x00080a0b                _au8PortTbl_DIn
 .rodata.au8PortTbl_DOut
                0x00080a0f        0x4 objs_JN5164/common.o
                0x00080a0f                _au8PortTbl_DOut
 .rodata.au8IoModeTbl_To_LogicalID
                0x00080a13        0x8 objs_JN5164/common.o
                0x00080a13                _au8IoModeTbl_To_LogicalID
 .rodata.au8tbl.2052
                0x00080a1b       0x11 objs_JN5164/modbus_ascii.o
 .rodata.u8tbl.1995
                0x00080a2c       0x17 objs_JN5164/modbus_ascii.o
 .rodata.au8AdcSrcTable
                0x00080a43        0x6 objs_JN5164/adc.o
 .rodata.str1.1
                0x00080a49       0x11 /cygdrive/d/TWESDK/Wks_ToCoNet/App_Key/../../Wks_libToCoNet/libToCoNet/lib/libToCoNet_JN5164.a(ToCoNet_mod_Tx.o)
 *fill*         0x00080a5a        0x2 00
 .rodata.asStateFuncTbl
                0x00080a5c       0x38 /cygdrive/d/TWESDK/Wks_ToCoNet/App_Key/../../Wks_libToCoNet/libToCoNet/lib/libToCoNet_JN5164.a(ToCoNet_mod_Tx.o)
 .rodata.asStateFuncTbl.4371
                0x00080a94       0x18 /cygdrive/d/TWESDK/Wks_ToCoNet/App_Key/../../Wks_libToCoNet/libToCoNet/lib/libToCoNet_JN5164.a(ToCoNet_mod_Channel_Mgr.o)
 .rodata.au8ToCoNetVersionInfo
                0x00080aac        0xc /cygdrive/d/TWESDK/Wks_ToCoNet/App_Key/../../Wks_libToCoNet/libToCoNet/lib/libToCoNet_JN5164.a(Version.o)
                0x00080aac                _au8ToCoNetVersionInfo
 .rodata.str1.1
                0x00080ab8       0x11 /cygdrive/d/TWESDK/Wks_ToCoNet/App_Key/../../Wks_libToCoNet/libToCoNet/lib/libToCoNetExt_JN5164.a(AppStart.o)
 .rodata        0x00080ac9       0x11 /cygdrive/d/TWESDK/Wks_ToCoNet/App_Key/../../Wks_libToCoNet/libToCoNet/lib/libToCoNetExt_JN5164.a(AppStart.o)
 .rodata.au8k.5340
                0x00080ada       0x20 /cygdrive/d/TWESDK/Wks_ToCoNet/App_Key/../../Wks_libToCoNet/libToCoNet/lib/libToCoNetExt_JN5164.a(AppStart.o)
 .rodata.au8k.5378
                0x00080afa       0x20 /cygdrive/d/TWESDK/Wks_ToCoNet/App_Key/../../Wks_libToCoNet/libToCoNet/lib/libToCoNetExt_JN5164.a(AppStart.o)
 .rodata.str1.1
                0x00080b1a       0x11 /cygdrive/d/TWESDK/Wks_ToCoNet/App_Key/../../Wks_libToCoNet/libToCoNet/lib/libToCoNetExt_JN5164.a(mac.o)
 *fill*         0x00080b2b        0x1 00
 .rodata.u32MacHigh_TOCOS
                0x00080b2c        0x4 /cygdrive/d/TWESDK/Wks_ToCoNet/App_Key/../../Wks_libToCoNet/libToCoNet/lib/libToCoNetExt_JN5164.a(mac.o)
                0x00080b2c                _u32MacHigh_TOCOS
 .rodata.u32MacLow_TOCOS
                0x00080b30        0x4 /cygdrive/d/TWESDK/Wks_ToCoNet/App_Key/../../Wks_libToCoNet/libToCoNet/lib/libToCoNetExt_JN5164.a(mac.o)
                0x00080b30                _u32MacLow_TOCOS
 .rodata.au8ToCoNetExtVersionInfo
                0x00080b34        0xc /cygdrive/d/TWESDK/Wks_ToCoNet/App_Key/../../Wks_libToCoNet/libToCoNet/lib/libToCoNetExt_JN5164.a(Version.o)
                0x00080b34                _au8ToCoNetExtVersionInfo
 .rodata.au8SpeedCodeToEepromClkDivisors
                0x00080b40        0x8 /cygdrive/d/TWESDK/Wks_ToCoNet/App_Key/../../Wks_libToCoNet/libToCoNet/lib/libToCoNetExt_JN5164.a(PDM_EEPROM.o)
 .rodata.u8CRCTable
                0x00080b48      0x100 /cygdrive/d/TWESDK/Wks_ToCoNet/App_Key/../../Wks_libToCoNet/libToCoNet/lib/libToCoNetUtils_JN5164.a(ccitt8.o)
 .rodata.str1.1
                0x00080c48        0x7 /cygdrive/d/TWESDK/Wks_ToCoNet/App_Key/../../Wks_libToCoNet/libToCoNet/lib/libToCoNetUtils_JN5164.a(fprintf.o)
 .rodata.au8ToCoNetUtilsVersionInfo
                0x00080c4f        0xc /cygdrive/d/TWESDK/Wks_ToCoNet/App_Key/../../Wks_libToCoNet/libToCoNet/lib/libToCoNetUtils_JN5164.a(Version.o)
                0x00080c4f                _au8ToCoNetUtilsVersionInfo
 *fill*         0x00080c5b        0x1 00
 .rodata.s_sPibInit
                0x00080c5c       0x18 /cygdrive/d/TWESDK/516x/Components/Library/libMac_JN516x.a(mac_pib_mlme.o)
 .rodata.aeXcvPhyEvtToScanEvt.4240
                0x00080c74       0x18 /cygdrive/d/TWESDK/516x/Components/Library/libMac_JN516x.a(mac_scan.o)
 .rodata.aeXcvBbcEvtToScanEvt.4230
                0x00080c8c        0xa /cygdrive/d/TWESDK/516x/Components/Library/libMac_JN516x.a(mac_scan.o)
 .rodata.s_atScanEvtST
                0x00080c96       0x31 /cygdrive/d/TWESDK/516x/Components/Library/libMac_JN516x.a(mac_scan.o)
 *fill*         0x00080cc7        0x1 00
 .rodata.s_aprScanHandleEvt
                0x00080cc8       0x30 /cygdrive/d/TWESDK/516x/Components/Library/libMac_JN516x.a(mac_scan.o)
 .rodata.psTAMcontext
                0x00080cf8        0x4 /cygdrive/d/TWESDK/516x/Components/Library/libMac_JN516x.a(TAM.o)
                0x00080cf8                _psTAMcontext
 .rodata.psTamMacContext
                0x00080cfc        0x4 /cygdrive/d/TWESDK/516x/Components/Library/libMac_JN516x.a(TAM.o)
                0x00080cfc                _psTamMacContext
 .rodata.psTamXcvContext
                0x00080d00        0x4 /cygdrive/d/TWESDK/516x/Components/Library/libMac_JN516x.a(TAM.o)
                0x00080d00                _psTamXcvContext
 .rodata.au8XcvToTAMevent.4757
                0x00080d04        0xa /cygdrive/d/TWESDK/516x/Components/Library/libMac_JN516x.a(TAM.o)
 .rodata.au8HeaderSize.4215
                0x00080d0e        0xe /cygdrive/d/TWESDK/516x/Components/Library/libMac_JN516x.a(TAMcommon.o)
 .rodata.apvActionCalls
                0x00080d1c       0x88 /cygdrive/d/TWESDK/516x/Components/Library/libMac_JN516x.a(TAMevent.o)
                0x00080d1c                _apvActionCalls
 .rodata.au8StateActions
                0x00080da4       0x8c /cygdrive/d/TWESDK/516x/Components/Library/libMac_JN516x.a(TAMevent.o)
                0x00080da4                _au8StateActions
 .rodata.au8SizeInc.4433
                0x00080e30        0x9 /cygdrive/d/TWESDK/516x/Components/Library/libMac_JN516x.a(TAMsecurity.o)
 .rodata.au8MICLenLUT.3714
                0x00080e39        0x4 /cygdrive/d/TWESDK/516x/Components/Library/libMac_JN516x.a(TAMsecurity.o)
 .rodata.au8FlashWaitStates32MXO
                0x00080e3d        0x8 /cygdrive/d/TWESDK/516x/Components/Library/libHardwareApi_JN516x.a(AHI_System.o)
 .rodata.au8FlashWaitStatesHSRCO
                0x00080e45        0x8 /cygdrive/d/TWESDK/516x/Components/Library/libHardwareApi_JN516x.a(AHI_System.o)
 *fill*         0x00080e4d        0x3 00
 .rodata.au32TimerBaseAddress
                0x00080e50       0x14 /cygdrive/d/TWESDK/516x/Components/Library/libHardwareApi_JN516x.a(AHI_Timer.o)
 .rodata.au32UartAddrOffset
                0x00080e64        0x8 /cygdrive/d/TWESDK/516x/Components/Library/libHardwareApi_JN516x.a(AHI_Uart.o)
                0x00080e64                _au32UartAddrOffset
 .rodata.au8dataSizeTable
                0x00080e6c        0xd /cygdrive/d/TWESDK/516x/Components/Library/libAes_JN516x.a(AEScoprocessorAPI.o)
                0x00080e6c                _au8dataSizeTable

.text           0x00080e7c    0x101df
 *(.text*)
 .text.cbToCoNet_vNwkEvent
                0x00080e7c        0x3 objs_JN5164/Master.o
                0x00080e7c                _cbToCoNet_vNwkEvent
 .text.u16GetAve
                0x00080e7f       0x3a objs_JN5164/Master.o
 .text.vConfig_SetDefaults
                0x00080eb9       0x54 objs_JN5164/Master.o
 .text.cbToCoNet_u8HwInt
                0x00080f0d      0x277 objs_JN5164/Master.o
                0x00080f0d                _cbToCoNet_u8HwInt
 .text.vConfig_UnSetAll
                0x00081184        0xc objs_JN5164/Master.o
 .text.cbToCoNet_vTxEvent
                0x00081190       0xe6 objs_JN5164/Master.o
                0x00081190                _cbToCoNet_vTxEvent
 .text.vSerUpdateScreen
                0x00081276      0x3e3 objs_JN5164/Master.o
 .text.vSerInitMessage
                0x00081659       0x84 objs_JN5164/Master.o
 .text.i16TransmitIoData
                0x000816dd      0x1fa objs_JN5164/Master.o
 .text.cbToCoNet_vHwEvent
                0x000818d7      0x2e1 objs_JN5164/Master.o
                0x000818d7                _cbToCoNet_vHwEvent
 .text.bCheckDupPacket
                0x00081bb8       0x3b objs_JN5164/Master.o
 .text.i16TransmitSerMsg
                0x00081bf3      0x1dc objs_JN5164/Master.o
 .text.i16TransmitRepeat
                0x00081dcf       0x99 objs_JN5164/Master.o
 .text.vProcessI2CCommand
                0x00081e68      0x3c2 objs_JN5164/Master.o
 .text.cbToCoNet_vRxEvent
                0x0008222a      0x832 objs_JN5164/Master.o
                0x0008222a                _cbToCoNet_vRxEvent
 .text.cbToCoNet_vMain
                0x00082a5c      0xfa8 objs_JN5164/Master.o
                0x00082a5c                _cbToCoNet_vMain
 .text.vSerialInit
                0x00083a04       0xc7 objs_JN5164/Master.o
 .text.vInitHardware
                0x00083acb      0x3c0 objs_JN5164/Master.o
 .text.cbAppWarmStart
                0x00083e8b       0xb8 objs_JN5164/Master.o
                0x00083e8b                _cbAppWarmStart
 *fill*         0x00083f43        0x1 00
 .text.cbAppColdStart
                0x00083f44      0x478 objs_JN5164/Master.o
                0x00083f44                _cbAppColdStart
 .text.vProcessEvCore
                0x000843bc       0x4e objs_JN5164/Master.o
 .text.vProcessEvCoreSlp
                0x0008440a      0x25d objs_JN5164/Master.o
 .text.vProcessEvCorePwr
                0x00084667      0x48a objs_JN5164/Master.o
 .text.vModbOut_MySerial
                0x00084af1       0x6b objs_JN5164/common.o
                0x00084af1                _vModbOut_MySerial
 .text.bFlash_Erase
                0x00084b5c       0x38 objs_JN5164/flash.o
                0x00084b5c                _bFlash_Erase
 .text.bFlash_Write
                0x00084b94       0x35 objs_JN5164/flash.o
                0x00084b94                _bFlash_Write
 .text.bFlash_Read
                0x00084bc9       0x49 objs_JN5164/flash.o
                0x00084bc9                _bFlash_Read
 *fill*         0x00084c12        0x2 00
 .text.ModBusAscii_u8Parse
                0x00084c14      0x1cc objs_JN5164/modbus_ascii.o
                0x00084c14                _ModBusAscii_u8Parse
 .text.vPutByte
                0x00084de0       0x43 objs_JN5164/modbus_ascii.o
 .text.vSerOutput_ModbusAscii
                0x00084e23       0x82 objs_JN5164/modbus_ascii.o
                0x00084e23                _vSerOutput_ModbusAscii
 .text.INPSTR_vStart
                0x00084ea5       0x14 objs_JN5164/input_string.o
                0x00084ea5                _INPSTR_vStart
 .text.INPSTR_u8InputByte
                0x00084eb9       0xd9 objs_JN5164/input_string.o
                0x00084eb9                _INPSTR_u8InputByte
 .text.INPSTR_vInit
                0x00084f92       0x18 objs_JN5164/input_string.o
                0x00084f92                _INPSTR_vInit
 .text.vSnsObj_Process
                0x00084faa       0x27 objs_JN5164/sensor_driver.o
                0x00084faa                _vSnsObj_Process
 .text.u16ADC_ReadReg
                0x00084fd1       0x11 objs_JN5164/adc.o
                0x00084fd1                _u16ADC_ReadReg
 .text.vADC_Init
                0x00084fe2       0x5f objs_JN5164/adc.o
                0x00084fe2                _vADC_Init
 .text.vProcessSnsObj_ADC
                0x00085041      0x157 objs_JN5164/adc.o
 .text.DUPCHK_bFind
                0x00085198       0x48 objs_JN5164/duplicate_checker.o
                0x00085198                _DUPCHK_bFind
 .text.DUPCHK_vAdd
                0x000851e0       0x73 objs_JN5164/duplicate_checker.o
                0x000851e0                _DUPCHK_vAdd
 .text.DUPCHK_vInit
                0x00085253        0xb objs_JN5164/duplicate_checker.o
                0x00085253                _DUPCHK_vInit
 .text.bSMBusWait
                0x0008525e       0x3c objs_JN5164/SMBus.o
 .text.bSMBusSequentialRead
                0x0008529a       0x73 objs_JN5164/SMBus.o
                0x0008529a                _bSMBusSequentialRead
 .text.bSMBusWrite
                0x0008530d       0x7a objs_JN5164/SMBus.o
                0x0008530d                _bSMBusWrite
 .text.vSMBusInit
                0x00085387        0xd objs_JN5164/SMBus.o
                0x00085387                _vSMBusInit
 .text.KEY_vSet
                0x00085394       0x11 objs_JN5164/key.o
                0x00085394                _KEY_vSet
 .text.KEY_vInt
                0x000853a5       0xa6 objs_JN5164/key.o
                0x000853a5                _KEY_vInt
 .text.KEY_vInit
                0x0008544b       0x7a objs_JN5164/key.o
                0x0008544b                _KEY_vInit
 .text.PRSEV_u8Register
                0x000854c5       0x32 /cygdrive/d/TWESDK/Wks_ToCoNet/App_Key/../../Wks_libToCoNet/libToCoNet/lib/libToCoNet_JN5164.a(ToCoNet_event.o)
                0x000854c5                _PRSEV_u8Register
 .text.PRSEV_vSetStateAll
                0x000854f7       0x3b /cygdrive/d/TWESDK/Wks_ToCoNet/App_Key/../../Wks_libToCoNet/libToCoNet/lib/libToCoNet_JN5164.a(ToCoNet_event.o)
                0x000854f7                _PRSEV_vSetStateAll
 .text.PRSEV_vSetState
                0x00085532       0x10 /cygdrive/d/TWESDK/Wks_ToCoNet/App_Key/../../Wks_libToCoNet/libToCoNet/lib/libToCoNet_JN5164.a(ToCoNet_event.o)
                0x00085532                _PRSEV_vSetState
 .text.PRSEV_vProcessEv_core
                0x00085542       0x8f /cygdrive/d/TWESDK/Wks_ToCoNet/App_Key/../../Wks_libToCoNet/libToCoNet/lib/libToCoNet_JN5164.a(ToCoNet_event.o)
 .text.PRSEV_vProcessEvPost
                0x000855d1       0x35 /cygdrive/d/TWESDK/Wks_ToCoNet/App_Key/../../Wks_libToCoNet/libToCoNet/lib/libToCoNet_JN5164.a(ToCoNet_event.o)
                0x000855d1                _PRSEV_vProcessEvPost
 .text._PRSEV_vProcessEv
                0x00085606       0x16 /cygdrive/d/TWESDK/Wks_ToCoNet/App_Key/../../Wks_libToCoNet/libToCoNet/lib/libToCoNet_JN5164.a(ToCoNet_event.o)
                0x00085606                __PRSEV_vProcessEv
 .text._PRSEV_vProcessEvSingle
                0x0008561c       0x14 /cygdrive/d/TWESDK/Wks_ToCoNet/App_Key/../../Wks_libToCoNet/libToCoNet/lib/libToCoNet_JN5164.a(ToCoNet_event.o)
                0x0008561c                __PRSEV_vProcessEvSingle
 .text._PRSEV_vProcessEvSingleH
                0x00085630       0x16 /cygdrive/d/TWESDK/Wks_ToCoNet/App_Key/../../Wks_libToCoNet/libToCoNet/lib/libToCoNet_JN5164.a(ToCoNet_event.o)
                0x00085630                __PRSEV_vProcessEvSingleH
 .text.PRSEV_eGetStateH
                0x00085646       0x10 /cygdrive/d/TWESDK/Wks_ToCoNet/App_Key/../../Wks_libToCoNet/libToCoNet/lib/libToCoNet_JN5164.a(ToCoNet_event.o)
                0x00085646                _PRSEV_eGetStateH
 .text.ToCoNet_Event_StateExec
                0x00085656       0x31 /cygdrive/d/TWESDK/Wks_ToCoNet/App_Key/../../Wks_libToCoNet/libToCoNet/lib/libToCoNet_JN5164.a(ToCoNet_event.o)
                0x00085656                _ToCoNet_Event_StateExec
 .text.PRSEV_vInit
                0x00085687       0x4d /cygdrive/d/TWESDK/Wks_ToCoNet/App_Key/../../Wks_libToCoNet/libToCoNet/lib/libToCoNet_JN5164.a(ToCoNet_event.o)
                0x00085687                _PRSEV_vInit
 .text.ToCoNet_vDebugInit
                0x000856d4        0x9 /cygdrive/d/TWESDK/Wks_ToCoNet/App_Key/../../Wks_libToCoNet/libToCoNet/lib/libToCoNet_JN5164.a(ToCoNet_main.o)
                0x000856d4                _ToCoNet_vDebugInit
 .text.ToCoNet_vDebugLevel
                0x000856dd        0x9 /cygdrive/d/TWESDK/Wks_ToCoNet/App_Key/../../Wks_libToCoNet/libToCoNet/lib/libToCoNet_JN5164.a(ToCoNet_main.o)
                0x000856dd                _ToCoNet_vDebugLevel
 .text._ToCoNet_bRaisePanic
                0x000856e6       0x3b /cygdrive/d/TWESDK/Wks_ToCoNet/App_Key/../../Wks_libToCoNet/libToCoNet/lib/libToCoNet_JN5164.a(ToCoNet_main.o)
                0x000856e6                __ToCoNet_bRaisePanic
 .text.ToCoNet_bMacTxReq
                0x00085721       0xfe /cygdrive/d/TWESDK/Wks_ToCoNet/App_Key/../../Wks_libToCoNet/libToCoNet/lib/libToCoNet_JN5164.a(ToCoNet_main.o)
                0x00085721                _ToCoNet_bMacTxReq
 .text.ToCoNet_vMacStart
                0x0008581f       0x11 /cygdrive/d/TWESDK/Wks_ToCoNet/App_Key/../../Wks_libToCoNet/libToCoNet/lib/libToCoNet_JN5164.a(ToCoNet_main.o)
                0x0008581f                _ToCoNet_vMacStart
 .text.ToCoNet_vMain
                0x00085830      0x26c /cygdrive/d/TWESDK/Wks_ToCoNet/App_Key/../../Wks_libToCoNet/libToCoNet/lib/libToCoNet_JN5164.a(ToCoNet_main.o)
                0x00085830                _ToCoNet_vMain
 .text.vProcessEvCoreMac
                0x00085a9c       0x7a /cygdrive/d/TWESDK/Wks_ToCoNet/App_Key/../../Wks_libToCoNet/libToCoNet/lib/libToCoNet_JN5164.a(ToCoNet_main.o)
                0x00085a9c                _vProcessEvCoreMac
 .text.ToCoNet_vStart
                0x00085b16      0x3e2 /cygdrive/d/TWESDK/Wks_ToCoNet/App_Key/../../Wks_libToCoNet/libToCoNet/lib/libToCoNet_JN5164.a(ToCoNet_main.o)
                0x00085b16                _ToCoNet_vStart
 .text.ToCoNet_vInit
                0x00085ef8      0x135 /cygdrive/d/TWESDK/Wks_ToCoNet/App_Key/../../Wks_libToCoNet/libToCoNet/lib/libToCoNet_JN5164.a(ToCoNet_main.o)
                0x00085ef8                _ToCoNet_vInit
 .text.u8HwEventHandler
                0x0008602d       0x27 /cygdrive/d/TWESDK/Wks_ToCoNet/App_Key/../../Wks_libToCoNet/libToCoNet/lib/libToCoNet_JN5164.a(ToCoNet_main.o)
 .text.ToCoNet_u32GetVersion
                0x00086054       0x21 /cygdrive/d/TWESDK/Wks_ToCoNet/App_Key/../../Wks_libToCoNet/libToCoNet/lib/libToCoNet_JN5164.a(ToCoNet_utils.o)
                0x00086054                _ToCoNet_u32GetVersion
 .text.ToCoNet_u32GetVersion_LibEx
                0x00086075       0x21 /cygdrive/d/TWESDK/Wks_ToCoNet/App_Key/../../Wks_libToCoNet/libToCoNet/lib/libToCoNet_JN5164.a(ToCoNet_utils.o)
                0x00086075                _ToCoNet_u32GetVersion_LibEx
 .text.ToCoNet_u32GetVersion_LibUtils
                0x00086096       0x21 /cygdrive/d/TWESDK/Wks_ToCoNet/App_Key/../../Wks_libToCoNet/libToCoNet/lib/libToCoNet_JN5164.a(ToCoNet_utils.o)
                0x00086096                _ToCoNet_u32GetVersion_LibUtils
 .text.ToCoNet_u16GetPanId
                0x000860b7        0x9 /cygdrive/d/TWESDK/Wks_ToCoNet/App_Key/../../Wks_libToCoNet/libToCoNet/lib/libToCoNet_JN5164.a(ToCoNet_utils.o)
                0x000860b7                _ToCoNet_u16GetPanId
 .text.ToCoNet_u32GetSerial
                0x000860c0        0x9 /cygdrive/d/TWESDK/Wks_ToCoNet/App_Key/../../Wks_libToCoNet/libToCoNet/lib/libToCoNet_JN5164.a(ToCoNet_utils.o)
                0x000860c0                _ToCoNet_u32GetSerial
 .text.ToCoNet_u32GetRand
                0x000860c9       0x65 /cygdrive/d/TWESDK/Wks_ToCoNet/App_Key/../../Wks_libToCoNet/libToCoNet/lib/libToCoNet_JN5164.a(ToCoNet_utils.o)
                0x000860c9                _ToCoNet_u32GetRand
 .text.ToCoNet_vSleep
                0x0008612e      0x12b /cygdrive/d/TWESDK/Wks_ToCoNet/App_Key/../../Wks_libToCoNet/libToCoNet/lib/libToCoNet_JN5164.a(ToCoNet_utils.o)
                0x0008612e                _ToCoNet_vSleep
 .text.ToCoNet_vReg_mod_Tx_Standard
                0x00086259       0x1d /cygdrive/d/TWESDK/Wks_ToCoNet/App_Key/../../Wks_libToCoNet/libToCoNet/lib/libToCoNet_JN5164.a(ToCoNet_mod_Tx.o)
                0x00086259                _ToCoNet_vReg_mod_Tx_Standard
 .text.vProcessEvCoreTx
                0x00086276       0x67 /cygdrive/d/TWESDK/Wks_ToCoNet/App_Key/../../Wks_libToCoNet/libToCoNet/lib/libToCoNet_JN5164.a(ToCoNet_mod_Tx.o)
 .text.vHnd_E_STATE_FINISH_TX_SUCCESS
                0x000862dd       0x9b /cygdrive/d/TWESDK/Wks_ToCoNet/App_Key/../../Wks_libToCoNet/libToCoNet/lib/libToCoNet_JN5164.a(ToCoNet_mod_Tx.o)
 .text.vHnd_E_STATE_WAIT_TX
                0x00086378       0x71 /cygdrive/d/TWESDK/Wks_ToCoNet/App_Key/../../Wks_libToCoNet/libToCoNet/lib/libToCoNet_JN5164.a(ToCoNet_mod_Tx.o)
 .text.vHnd_E_STATE_PREPARE_TX
                0x000863e9      0x160 /cygdrive/d/TWESDK/Wks_ToCoNet/App_Key/../../Wks_libToCoNet/libToCoNet/lib/libToCoNet_JN5164.a(ToCoNet_mod_Tx.o)
 .text.vHnd_E_STATE_IDLE
                0x00086549       0x49 /cygdrive/d/TWESDK/Wks_ToCoNet/App_Key/../../Wks_libToCoNet/libToCoNet/lib/libToCoNet_JN5164.a(ToCoNet_mod_Tx.o)
 .text.vHnd_E_STATE_RUNNING
                0x00086592      0x202 /cygdrive/d/TWESDK/Wks_ToCoNet/App_Key/../../Wks_libToCoNet/libToCoNet/lib/libToCoNet_JN5164.a(ToCoNet_mod_Tx.o)
 .text.vHnd_E_STATE_FINISH_TX_FAIL
                0x00086794       0xc2 /cygdrive/d/TWESDK/Wks_ToCoNet/App_Key/../../Wks_libToCoNet/libToCoNet/lib/libToCoNet_JN5164.a(ToCoNet_mod_Tx.o)
 .text.ToCoNet_vReg_mod_TxRxQueueBig
                0x00086856       0x88 /cygdrive/d/TWESDK/Wks_ToCoNet/App_Key/../../Wks_libToCoNet/libToCoNet/lib/libToCoNet_JN5164.a(ToCoNet_mod_TxRxQueue.o)
                0x00086856                _ToCoNet_vReg_mod_TxRxQueueBig
 .text.ToCoNet_vRxProc_App
                0x000868de       0x81 /cygdrive/d/TWESDK/Wks_ToCoNet/App_Key/../../Wks_libToCoNet/libToCoNet/lib/libToCoNet_JN5164.a(ToCoNet_mod_Nwk_Common.o)
                0x000868de                _ToCoNet_vRxProc_App
 .text.ToCoNet_vRxProc_Mod
                0x0008695f       0x49 /cygdrive/d/TWESDK/Wks_ToCoNet/App_Key/../../Wks_libToCoNet/libToCoNet/lib/libToCoNet_JN5164.a(ToCoNet_mod_Nwk_Common.o)
                0x0008695f                _ToCoNet_vRxProc_Mod
 .text.ToCoNet_ChMgr_bCh_Reconfig
                0x000869a8       0x68 /cygdrive/d/TWESDK/Wks_ToCoNet/App_Key/../../Wks_libToCoNet/libToCoNet/lib/libToCoNet_JN5164.a(ToCoNet_mod_Channel_Mgr.o)
                0x000869a8                _ToCoNet_ChMgr_bCh_Reconfig
 .text.ToCoNet_ChMgr_vCh_TxFin
                0x00086a10       0x30 /cygdrive/d/TWESDK/Wks_ToCoNet/App_Key/../../Wks_libToCoNet/libToCoNet/lib/libToCoNet_JN5164.a(ToCoNet_mod_Channel_Mgr.o)
                0x00086a10                _ToCoNet_ChMgr_vCh_TxFin
 .text.ToCoNet_ChMgr_bCh_Change
                0x00086a40       0x28 /cygdrive/d/TWESDK/Wks_ToCoNet/App_Key/../../Wks_libToCoNet/libToCoNet/lib/libToCoNet_JN5164.a(ToCoNet_mod_Channel_Mgr.o)
                0x00086a40                _ToCoNet_ChMgr_bCh_Change
 .text.ToCoNet_ChMgr_bCh_OnTx
                0x00086a68       0x6d /cygdrive/d/TWESDK/Wks_ToCoNet/App_Key/../../Wks_libToCoNet/libToCoNet/lib/libToCoNet_JN5164.a(ToCoNet_mod_Channel_Mgr.o)
                0x00086a68                _ToCoNet_ChMgr_bCh_OnTx
 .text.ToCoNet_ChMgr_psConfig
                0x00086ad5       0x41 /cygdrive/d/TWESDK/Wks_ToCoNet/App_Key/../../Wks_libToCoNet/libToCoNet/lib/libToCoNet_JN5164.a(ToCoNet_mod_Channel_Mgr.o)
                0x00086ad5                _ToCoNet_ChMgr_psConfig
 .text.ToCoNet_vReg_mod_Channel_Mgr
                0x00086b16       0x3f /cygdrive/d/TWESDK/Wks_ToCoNet/App_Key/../../Wks_libToCoNet/libToCoNet/lib/libToCoNet_JN5164.a(ToCoNet_mod_Channel_Mgr.o)
                0x00086b16                _ToCoNet_vReg_mod_Channel_Mgr
 .text.vProcessEvCoreChannelMgr
                0x00086b55       0x1f /cygdrive/d/TWESDK/Wks_ToCoNet/App_Key/../../Wks_libToCoNet/libToCoNet/lib/libToCoNet_JN5164.a(ToCoNet_mod_Channel_Mgr.o)
 .text.vUpdateChList
                0x00086b74       0x64 /cygdrive/d/TWESDK/Wks_ToCoNet/App_Key/../../Wks_libToCoNet/libToCoNet/lib/libToCoNet_JN5164.a(ToCoNet_mod_Channel_Mgr.o)
 .text.vHnd_E_STATE_RUNNING
                0x00086bd8       0xd5 /cygdrive/d/TWESDK/Wks_ToCoNet/App_Key/../../Wks_libToCoNet/libToCoNet/lib/libToCoNet_JN5164.a(ToCoNet_mod_Channel_Mgr.o)
 .text.vHnd_E_STATE_IDLE
                0x00086cad       0x18 /cygdrive/d/TWESDK/Wks_ToCoNet/App_Key/../../Wks_libToCoNet/libToCoNet/lib/libToCoNet_JN5164.a(ToCoNet_mod_Channel_Mgr.o)
 .text.vFifoInit
                0x00086cc5       0x14 /cygdrive/d/TWESDK/Wks_ToCoNet/App_Key/../../Wks_libToCoNet/libToCoNet/lib/libToCoNet_JN5164.a(AppQueueApi_ToCoNet.o)
 .text.pvFifoPull
                0x00086cd9       0x23 /cygdrive/d/TWESDK/Wks_ToCoNet/App_Key/../../Wks_libToCoNet/libToCoNet/lib/libToCoNet_JN5164.a(AppQueueApi_ToCoNet.o)
 .text.psAppQApiGetMcpsBuffer
                0x00086cfc        0xc /cygdrive/d/TWESDK/Wks_ToCoNet/App_Key/../../Wks_libToCoNet/libToCoNet/lib/libToCoNet_JN5164.a(AppQueueApi_ToCoNet.o)
 .text.psAppQApiGetMlmeBuffer
                0x00086d08        0xc /cygdrive/d/TWESDK/Wks_ToCoNet/App_Key/../../Wks_libToCoNet/libToCoNet/lib/libToCoNet_JN5164.a(AppQueueApi_ToCoNet.o)
 .text.psAppQApiReadHwIndT
                0x00086d14        0xc /cygdrive/d/TWESDK/Wks_ToCoNet/App_Key/../../Wks_libToCoNet/libToCoNet/lib/libToCoNet_JN5164.a(AppQueueApi_ToCoNet.o)
                0x00086d14                _psAppQApiReadHwIndT
 .text.psAppQApiReadMcpsIndT
                0x00086d20        0xc /cygdrive/d/TWESDK/Wks_ToCoNet/App_Key/../../Wks_libToCoNet/libToCoNet/lib/libToCoNet_JN5164.a(AppQueueApi_ToCoNet.o)
                0x00086d20                _psAppQApiReadMcpsIndT
 .text.psAppQApiReadMlmeIndT
                0x00086d2c        0xc /cygdrive/d/TWESDK/Wks_ToCoNet/App_Key/../../Wks_libToCoNet/libToCoNet/lib/libToCoNet_JN5164.a(AppQueueApi_ToCoNet.o)
                0x00086d2c                _psAppQApiReadMlmeIndT
 .text.bFifoPush
                0x00086d38       0x28 /cygdrive/d/TWESDK/Wks_ToCoNet/App_Key/../../Wks_libToCoNet/libToCoNet/lib/libToCoNet_JN5164.a(AppQueueApi_ToCoNet.o)
 .text.vAppQApiPostMcps
                0x00086d60       0x1e /cygdrive/d/TWESDK/Wks_ToCoNet/App_Key/../../Wks_libToCoNet/libToCoNet/lib/libToCoNet_JN5164.a(AppQueueApi_ToCoNet.o)
 .text.vAppQApiPostMlme
                0x00086d7e       0x22 /cygdrive/d/TWESDK/Wks_ToCoNet/App_Key/../../Wks_libToCoNet/libToCoNet/lib/libToCoNet_JN5164.a(AppQueueApi_ToCoNet.o)
 .text.vAppQApiReturnHwIndBufferT
                0x00086da0        0xe /cygdrive/d/TWESDK/Wks_ToCoNet/App_Key/../../Wks_libToCoNet/libToCoNet/lib/libToCoNet_JN5164.a(AppQueueApi_ToCoNet.o)
                0x00086da0                _vAppQApiReturnHwIndBufferT
 .text.vAppQApiReturnMcpsIndBufferT
                0x00086dae        0xe /cygdrive/d/TWESDK/Wks_ToCoNet/App_Key/../../Wks_libToCoNet/libToCoNet/lib/libToCoNet_JN5164.a(AppQueueApi_ToCoNet.o)
                0x00086dae                _vAppQApiReturnMcpsIndBufferT
 .text.vAppQApiReturnMlmeIndBufferT
                0x00086dbc        0xe /cygdrive/d/TWESDK/Wks_ToCoNet/App_Key/../../Wks_libToCoNet/libToCoNet/lib/libToCoNet_JN5164.a(AppQueueApi_ToCoNet.o)
                0x00086dbc                _vAppQApiReturnMlmeIndBufferT
 .text.u32AppQApiInitT
                0x00086dca      0x18f /cygdrive/d/TWESDK/Wks_ToCoNet/App_Key/../../Wks_libToCoNet/libToCoNet/lib/libToCoNet_JN5164.a(AppQueueApi_ToCoNet.o)
                0x00086dca                _u32AppQApiInitT
 .text.vAppQApiPostHwIntT
                0x00086f59       0x6e /cygdrive/d/TWESDK/Wks_ToCoNet/App_Key/../../Wks_libToCoNet/libToCoNet/lib/libToCoNet_JN5164.a(AppQueueApi_ToCoNet.o)
 .text.u32AppQApiInitNetwork
                0x00086fc7       0x22 /cygdrive/d/TWESDK/Wks_ToCoNet/App_Key/../../Wks_libToCoNet/libToCoNet/lib/libToCoNet_JN5164.a(AppQueueApi_ToCoNet.o)
                0x00086fc7                _u32AppQApiInitNetwork
 .text._ToCoNet_bRfChChannel
                0x00086fe9       0xaa /cygdrive/d/TWESDK/Wks_ToCoNet/App_Key/../../Wks_libToCoNet/libToCoNet/lib/libToCoNetExt_JN5164.a(AppStart.o)
                0x00086fe9                __ToCoNet_bRfChChannel
 .text.AppWarmStart
                0x00087093       0x9d /cygdrive/d/TWESDK/Wks_ToCoNet/App_Key/../../Wks_libToCoNet/libToCoNet/lib/libToCoNetExt_JN5164.a(AppStart.o)
                0x00087093                _AppWarmStart
 .text._ToCoNet_vMacInit
                0x00087130       0x2c /cygdrive/d/TWESDK/Wks_ToCoNet/App_Key/../../Wks_libToCoNet/libToCoNet/lib/libToCoNetExt_JN5164.a(AppStart.o)
                0x00087130                __ToCoNet_vMacInit
 .text._ToCoNet_vRfConfig
                0x0008715c       0xe3 /cygdrive/d/TWESDK/Wks_ToCoNet/App_Key/../../Wks_libToCoNet/libToCoNet/lib/libToCoNetExt_JN5164.a(AppStart.o)
                0x0008715c                __ToCoNet_vRfConfig
 .text.AppColdStart
                0x0008723f      0x4d7 /cygdrive/d/TWESDK/Wks_ToCoNet/App_Key/../../Wks_libToCoNet/libToCoNet/lib/libToCoNetExt_JN5164.a(AppStart.o)
                0x0008723f                _AppColdStart
 .text.ToCoNet_u32GetSerialOnBoot
                0x00087716       0x37 /cygdrive/d/TWESDK/Wks_ToCoNet/App_Key/../../Wks_libToCoNet/libToCoNet/lib/libToCoNetExt_JN5164.a(getMacAddr.o)
                0x00087716                _ToCoNet_u32GetSerialOnBoot
 .text.Mac_bRxQueueReg
                0x0008774d       0x34 /cygdrive/d/TWESDK/Wks_ToCoNet/App_Key/../../Wks_libToCoNet/libToCoNet/lib/libToCoNetExt_JN5164.a(mac.o)
                0x0008774d                _Mac_bRxQueueReg
 .text.Mac_vSetHighDataRate
                0x00087781        0x3 /cygdrive/d/TWESDK/Wks_ToCoNet/App_Key/../../Wks_libToCoNet/libToCoNet/lib/libToCoNetExt_JN5164.a(mac.o)
                0x00087781                _Mac_vSetHighDataRate
 .text.Mac_vSetCCA
                0x00087784       0x32 /cygdrive/d/TWESDK/Wks_ToCoNet/App_Key/../../Wks_libToCoNet/libToCoNet/lib/libToCoNetExt_JN5164.a(mac.o)
                0x00087784                _Mac_vSetCCA
 .text.Mac_vSetRetry
                0x000877b6       0x1e /cygdrive/d/TWESDK/Wks_ToCoNet/App_Key/../../Wks_libToCoNet/libToCoNet/lib/libToCoNetExt_JN5164.a(mac.o)
                0x000877b6                _Mac_vSetRetry
 .text.Mac_vReset
                0x000877d4       0x20 /cygdrive/d/TWESDK/Wks_ToCoNet/App_Key/../../Wks_libToCoNet/libToCoNet/lib/libToCoNetExt_JN5164.a(mac.o)
                0x000877d4                _Mac_vReset
 .text.bDecodeAES
                0x000877f4       0xc6 /cygdrive/d/TWESDK/Wks_ToCoNet/App_Key/../../Wks_libToCoNet/libToCoNet/lib/libToCoNetExt_JN5164.a(mac.o)
                0x000877f4                _bDecodeAES
 .text.bEncodeAES
                0x000878ba       0xbb /cygdrive/d/TWESDK/Wks_ToCoNet/App_Key/../../Wks_libToCoNet/libToCoNet/lib/libToCoNetExt_JN5164.a(mac.o)
                0x000878ba                _bEncodeAES
 .text.Mac_vHandleMcpsDataInd
                0x00087975      0x2a0 /cygdrive/d/TWESDK/Wks_ToCoNet/App_Key/../../Wks_libToCoNet/libToCoNet/lib/libToCoNetExt_JN5164.a(mac.o)
                0x00087975                _Mac_vHandleMcpsDataInd
 .text.Mac_vInit
                0x00087c15       0x41 /cygdrive/d/TWESDK/Wks_ToCoNet/App_Key/../../Wks_libToCoNet/libToCoNet/lib/libToCoNetExt_JN5164.a(mac.o)
                0x00087c15                _Mac_vInit
 .text.Mac_bTransmit
                0x00087c56      0x1ee /cygdrive/d/TWESDK/Wks_ToCoNet/App_Key/../../Wks_libToCoNet/libToCoNet/lib/libToCoNetExt_JN5164.a(mac.o)
                0x00087c56                _Mac_bTransmit
 .text.bAES_CCM_Encode
                0x00087e44       0x1e /cygdrive/d/TWESDK/Wks_ToCoNet/App_Key/../../Wks_libToCoNet/libToCoNet/lib/libToCoNetExt_JN5164.a(AES_CCM.o)
                0x00087e44                _bAES_CCM_Encode
 .text.bAES_CCM_Decode
                0x00087e62       0x1e /cygdrive/d/TWESDK/Wks_ToCoNet/App_Key/../../Wks_libToCoNet/libToCoNet/lib/libToCoNetExt_JN5164.a(AES_CCM.o)
                0x00087e62                _bAES_CCM_Decode
 .text.bAES_CCM_KeyReg
                0x00087e80       0x4a /cygdrive/d/TWESDK/Wks_ToCoNet/App_Key/../../Wks_libToCoNet/libToCoNet/lib/libToCoNetExt_JN5164.a(AES_CCM.o)
                0x00087e80                _bAES_CCM_KeyReg
 .text.bAES_CCM_DecodeKey
                0x00087eca       0x6b /cygdrive/d/TWESDK/Wks_ToCoNet/App_Key/../../Wks_libToCoNet/libToCoNet/lib/libToCoNetExt_JN5164.a(AES_CCM.o)
                0x00087eca                _bAES_CCM_DecodeKey
 .text.bAES_CCM_EncodeKey
                0x00087f35       0x5c /cygdrive/d/TWESDK/Wks_ToCoNet/App_Key/../../Wks_libToCoNet/libToCoNet/lib/libToCoNetExt_JN5164.a(AES_CCM.o)
                0x00087f35                _bAES_CCM_EncodeKey
 .text.EEP_6x_bRead
                0x00087f91       0x48 /cygdrive/d/TWESDK/Wks_ToCoNet/App_Key/../../Wks_libToCoNet/libToCoNet/lib/libToCoNetExt_JN5164.a(eeprom_6x.o)
                0x00087f91                _EEP_6x_bRead
 .text.EEP_6x_bWrite
                0x00087fd9       0x7b /cygdrive/d/TWESDK/Wks_ToCoNet/App_Key/../../Wks_libToCoNet/libToCoNet/lib/libToCoNetExt_JN5164.a(eeprom_6x.o)
                0x00087fd9                _EEP_6x_bWrite
 .text.vInstallNoAckHandler
                0x00088054       0x2a /cygdrive/d/TWESDK/Wks_ToCoNet/App_Key/../../Wks_libToCoNet/libToCoNet/lib/libToCoNetExt_JN5164.a(no_ack_handler.o)
                0x00088054                _vInstallNoAckHandler
 .text.vHandlerPatch
                0x0008807e       0x38 /cygdrive/d/TWESDK/Wks_ToCoNet/App_Key/../../Wks_libToCoNet/libToCoNet/lib/libToCoNetExt_JN5164.a(no_ack_handler.o)
 .text.bAHI_ReadIndexSectorPage
                0x000880b6       0x4a /cygdrive/d/TWESDK/Wks_ToCoNet/App_Key/../../Wks_libToCoNet/libToCoNet/lib/libToCoNetExt_JN5164.a(AHI_FlashIndexSector.o)
                0x000880b6                _bAHI_ReadIndexSectorPage
 .text.bAHI_ReadUserData
                0x00088100       0x2a /cygdrive/d/TWESDK/Wks_ToCoNet/App_Key/../../Wks_libToCoNet/libToCoNet/lib/libToCoNetExt_JN5164.a(AHI_FlashIndexSector.o)
                0x00088100                _bAHI_ReadUserData
 .text.bAHI_ReadIndexSectorBit
                0x0008812a       0x39 /cygdrive/d/TWESDK/Wks_ToCoNet/App_Key/../../Wks_libToCoNet/libToCoNet/lib/libToCoNetExt_JN5164.a(AHI_FlashIndexSector.o)
                0x0008812a                _bAHI_ReadIndexSectorBit
 .text.u32AHI_ReadIndexSectorBits
                0x00088163       0x37 /cygdrive/d/TWESDK/Wks_ToCoNet/App_Key/../../Wks_libToCoNet/libToCoNet/lib/libToCoNetExt_JN5164.a(AHI_FlashIndexSector.o)
                0x00088163                _u32AHI_ReadIndexSectorBits
 .text.bAHI_ReadCustomerSettings
                0x0008819a       0x9b /cygdrive/d/TWESDK/Wks_ToCoNet/App_Key/../../Wks_libToCoNet/libToCoNet/lib/libToCoNetExt_JN5164.a(AHI_FlashIndexSector.o)
                0x0008819a                _bAHI_ReadCustomerSettings
 .text.bAHI_ReadMACID
                0x00088235       0x46 /cygdrive/d/TWESDK/Wks_ToCoNet/App_Key/../../Wks_libToCoNet/libToCoNet/lib/libToCoNetExt_JN5164.a(AHI_FlashIndexSector.o)
                0x00088235                _bAHI_ReadMACID
 .text.bPDM_InitialiseEEPROM
                0x0008827b       0x4d /cygdrive/d/TWESDK/Wks_ToCoNet/App_Key/../../Wks_libToCoNet/libToCoNet/lib/libToCoNetExt_JN5164.a(PDM_EEPROM.o)
                0x0008827b                _bPDM_InitialiseEEPROM
 .text.vPDM_WriteEEPROMfixSegmentData
                0x000882c8       0x3e /cygdrive/d/TWESDK/Wks_ToCoNet/App_Key/../../Wks_libToCoNet/libToCoNet/lib/libToCoNetExt_JN5164.a(PDM_EEPROM.o)
                0x000882c8                _vPDM_WriteEEPROMfixSegmentData
 .text.SERIAL_bTxQueueEmpty
                0x00088306       0x18 /cygdrive/d/TWESDK/Wks_ToCoNet/App_Key/../../Wks_libToCoNet/libToCoNet/lib/libToCoNetUtils_JN5164.a(serial.o)
                0x00088306                _SERIAL_bTxQueueEmpty
 .text.SERIAL_bRxQueueEmpty
                0x0008831e       0x18 /cygdrive/d/TWESDK/Wks_ToCoNet/App_Key/../../Wks_libToCoNet/libToCoNet/lib/libToCoNetUtils_JN5164.a(serial.o)
                0x0008831e                _SERIAL_bRxQueueEmpty
 .text.SERIAL_vTxReady
                0x00088336       0x36 /cygdrive/d/TWESDK/Wks_ToCoNet/App_Key/../../Wks_libToCoNet/libToCoNet/lib/libToCoNetUtils_JN5164.a(serial.o)
                0x00088336                _SERIAL_vTxReady
 .text.SERIAL_vFlush
                0x0008836c       0x39 /cygdrive/d/TWESDK/Wks_ToCoNet/App_Key/../../Wks_libToCoNet/libToCoNet/lib/libToCoNetUtils_JN5164.a(serial.o)
                0x0008836c                _SERIAL_vFlush
 .text.SERIAL_i16RxChar
                0x000883a5       0x4c /cygdrive/d/TWESDK/Wks_ToCoNet/App_Key/../../Wks_libToCoNet/libToCoNet/lib/libToCoNetUtils_JN5164.a(serial.o)
                0x000883a5                _SERIAL_i16RxChar
 .text.SERIAL_bTxChar
                0x000883f1       0x73 /cygdrive/d/TWESDK/Wks_ToCoNet/App_Key/../../Wks_libToCoNet/libToCoNet/lib/libToCoNetUtils_JN5164.a(serial.o)
                0x000883f1                _SERIAL_bTxChar
 .text.SERIAL_vInitEx
                0x00088464       0x90 /cygdrive/d/TWESDK/Wks_ToCoNet/App_Key/../../Wks_libToCoNet/libToCoNet/lib/libToCoNetUtils_JN5164.a(serial.o)
                0x00088464                _SERIAL_vInitEx
 .text.vRxChar  0x000884f4       0x3e /cygdrive/d/TWESDK/Wks_ToCoNet/App_Key/../../Wks_libToCoNet/libToCoNet/lib/libToCoNetUtils_JN5164.a(serial.o)
 .text.UART_vSetTxInterrupt
                0x00088532       0x1a /cygdrive/d/TWESDK/Wks_ToCoNet/App_Key/../../Wks_libToCoNet/libToCoNet/lib/libToCoNetUtils_JN5164.a(uart.o)
                0x00088532                _UART_vSetTxInterrupt
 .text.UART_bTxReady
                0x0008854c        0xf /cygdrive/d/TWESDK/Wks_ToCoNet/App_Key/../../Wks_libToCoNet/libToCoNet/lib/libToCoNetUtils_JN5164.a(uart.o)
                0x0008854c                _UART_bTxReady
 .text.UART_vTxChar
                0x0008855b        0x6 /cygdrive/d/TWESDK/Wks_ToCoNet/App_Key/../../Wks_libToCoNet/libToCoNet/lib/libToCoNetUtils_JN5164.a(uart.o)
                0x0008855b                _UART_vTxChar
 .text.UART_vRtsStartFlow
                0x00088561       0x22 /cygdrive/d/TWESDK/Wks_ToCoNet/App_Key/../../Wks_libToCoNet/libToCoNet/lib/libToCoNetUtils_JN5164.a(uart.o)
                0x00088561                _UART_vRtsStartFlow
 .text.UART_vRtsStopFlow
                0x00088583       0x22 /cygdrive/d/TWESDK/Wks_ToCoNet/App_Key/../../Wks_libToCoNet/libToCoNet/lib/libToCoNetUtils_JN5164.a(uart.o)
                0x00088583                _UART_vRtsStopFlow
 .text.UART_vInit
                0x000885a5      0x1c3 /cygdrive/d/TWESDK/Wks_ToCoNet/App_Key/../../Wks_libToCoNet/libToCoNet/lib/libToCoNetUtils_JN5164.a(uart.o)
                0x000885a5                _UART_vInit
 .text.UART_vHandleUartInterrupt
                0x00088768       0x8e /cygdrive/d/TWESDK/Wks_ToCoNet/App_Key/../../Wks_libToCoNet/libToCoNet/lib/libToCoNetUtils_JN5164.a(uart.o)
 .text.QUEUE__vInit
                0x000887f6       0x12 /cygdrive/d/TWESDK/Wks_ToCoNet/App_Key/../../Wks_libToCoNet/libToCoNet/lib/libToCoNetUtils_JN5164.a(ByteQueue.o)
                0x000887f6                _QUEUE__vInit
 .text.QUEUE__bEmpty
                0x00088808        0xe /cygdrive/d/TWESDK/Wks_ToCoNet/App_Key/../../Wks_libToCoNet/libToCoNet/lib/libToCoNetUtils_JN5164.a(ByteQueue.o)
                0x00088808                _QUEUE__bEmpty
 .text.QUEUE__bFull
                0x00088816       0x11 /cygdrive/d/TWESDK/Wks_ToCoNet/App_Key/../../Wks_libToCoNet/libToCoNet/lib/libToCoNetUtils_JN5164.a(ByteQueue.o)
                0x00088816                _QUEUE__bFull
 .text.QUEUE__u16Count
                0x00088827        0x6 /cygdrive/d/TWESDK/Wks_ToCoNet/App_Key/../../Wks_libToCoNet/libToCoNet/lib/libToCoNetUtils_JN5164.a(ByteQueue.o)
                0x00088827                _QUEUE__u16Count
 .text.QUEUE__vFlush
                0x0008882d       0x26 /cygdrive/d/TWESDK/Wks_ToCoNet/App_Key/../../Wks_libToCoNet/libToCoNet/lib/libToCoNetUtils_JN5164.a(ByteQueue.o)
                0x0008882d                _QUEUE__vFlush
 .text.QUEUE__u8RemoveItem
                0x00088853       0x66 /cygdrive/d/TWESDK/Wks_ToCoNet/App_Key/../../Wks_libToCoNet/libToCoNet/lib/libToCoNetUtils_JN5164.a(ByteQueue.o)
                0x00088853                _QUEUE__u8RemoveItem
 .text.QUEUE__vAddItem
                0x000888b9       0x66 /cygdrive/d/TWESDK/Wks_ToCoNet/App_Key/../../Wks_libToCoNet/libToCoNet/lib/libToCoNetUtils_JN5164.a(ByteQueue.o)
                0x000888b9                _QUEUE__vAddItem
 .text.u8CCITT8
                0x0008891f       0x23 /cygdrive/d/TWESDK/Wks_ToCoNet/App_Key/../../Wks_libToCoNet/libToCoNet/lib/libToCoNetUtils_JN5164.a(ccitt8.o)
                0x0008891f                _u8CCITT8
 .text.vPrintString
                0x00088942       0x7d /cygdrive/d/TWESDK/Wks_ToCoNet/App_Key/../../Wks_libToCoNet/libToCoNet/lib/libToCoNetUtils_JN5164.a(fprintf.o)
 .text.vPrintInteger
                0x000889bf       0xac /cygdrive/d/TWESDK/Wks_ToCoNet/App_Key/../../Wks_libToCoNet/libToCoNet/lib/libToCoNetUtils_JN5164.a(fprintf.o)
 .text.vfPrintf
                0x00088a6b      0x1d4 /cygdrive/d/TWESDK/Wks_ToCoNet/App_Key/../../Wks_libToCoNet/libToCoNet/lib/libToCoNetUtils_JN5164.a(fprintf.o)
                0x00088a6b                _vfPrintf
 .text.u32string2hex
                0x00088c3f       0x5e /cygdrive/d/TWESDK/Wks_ToCoNet/App_Key/../../Wks_libToCoNet/libToCoNet/lib/libToCoNetUtils_JN5164.a(sprintf.o)
                0x00088c3f                _u32string2hex
 .text.u32string2dec
                0x00088c9d       0x61 /cygdrive/d/TWESDK/Wks_ToCoNet/App_Key/../../Wks_libToCoNet/libToCoNet/lib/libToCoNetUtils_JN5164.a(sprintf.o)
                0x00088c9d                _u32string2dec
 .text.vTimerChangeHzCore
                0x00088cfe       0x2e /cygdrive/d/TWESDK/Wks_ToCoNet/App_Key/../../Wks_libToCoNet/libToCoNet/lib/libToCoNetUtils_JN5164.a(utils.o)
 .text.vTimerChangeHz
                0x00088d2c       0x25 /cygdrive/d/TWESDK/Wks_ToCoNet/App_Key/../../Wks_libToCoNet/libToCoNet/lib/libToCoNetUtils_JN5164.a(utils.o)
                0x00088d2c                _vTimerChangeHz
 .text.vWait    0x00088d51       0x19 /cygdrive/d/TWESDK/Wks_ToCoNet/App_Key/../../Wks_libToCoNet/libToCoNet/lib/libToCoNetUtils_JN5164.a(utils.o)
                0x00088d51                _vWait
 .text.vTimerStop
                0x00088d6a       0x39 /cygdrive/d/TWESDK/Wks_ToCoNet/App_Key/../../Wks_libToCoNet/libToCoNet/lib/libToCoNetUtils_JN5164.a(utils.o)
                0x00088d6a                _vTimerStop
 .text.vTimerStart
                0x00088da3       0xa7 /cygdrive/d/TWESDK/Wks_ToCoNet/App_Key/../../Wks_libToCoNet/libToCoNet/lib/libToCoNetUtils_JN5164.a(utils.o)
                0x00088da3                _vTimerStart
 *fill*         0x00088e4a        0x2 00
 .text.vTimerConfig
                0x00088e4c      0x190 /cygdrive/d/TWESDK/Wks_ToCoNet/App_Key/../../Wks_libToCoNet/libToCoNet/lib/libToCoNetUtils_JN5164.a(utils.o)
                0x00088e4c                _vTimerConfig
 .text.bBTM_GetState
                0x00088fdc       0x51 /cygdrive/d/TWESDK/Wks_ToCoNet/App_Key/../../Wks_libToCoNet/libToCoNet/lib/libToCoNetUtils_JN5164.a(btnMgr.o)
                0x00088fdc                _bBTM_GetState
 .text.vBTM_Enable
                0x0008902d       0x24 /cygdrive/d/TWESDK/Wks_ToCoNet/App_Key/../../Wks_libToCoNet/libToCoNet/lib/libToCoNetUtils_JN5164.a(btnMgr.o)
                0x0008902d                _vBTM_Enable
 .text.vBTM_Init_Common
                0x00089051       0x3a /cygdrive/d/TWESDK/Wks_ToCoNet/App_Key/../../Wks_libToCoNet/libToCoNet/lib/libToCoNetUtils_JN5164.a(btnMgr.o)
 .text.prBTM_InitExternal
                0x0008908b       0x74 /cygdrive/d/TWESDK/Wks_ToCoNet/App_Key/../../Wks_libToCoNet/libToCoNet/lib/libToCoNetUtils_JN5164.a(btnMgr.o)
                0x0008908b                _prBTM_InitExternal
 .text.vBTM_TimerISR
                0x000890ff      0x138 /cygdrive/d/TWESDK/Wks_ToCoNet/App_Key/../../Wks_libToCoNet/libToCoNet/lib/libToCoNetUtils_JN5164.a(btnMgr.o)
 .text.vBTM_ISR
                0x00089237       0x37 /cygdrive/d/TWESDK/Wks_ToCoNet/App_Key/../../Wks_libToCoNet/libToCoNet/lib/libToCoNetUtils_JN5164.a(btnMgr.o)
 .text.pvAppApiDefGetMacHandle
                0x0008926e        0x9 /cygdrive/d/TWESDK/516x/Components/Library/libAppApi_JN516x.a(AppApi.o)
                0x0008926e                _pvAppApiDefGetMacHandle
 .text.vAppApiDefSetPrbsSeed
                0x00089277       0x24 /cygdrive/d/TWESDK/516x/Components/Library/libAppApi_JN516x.a(AppApi.o)
                0x00089277                _vAppApiDefSetPrbsSeed
 .text.pvAppApiDefGetMacAddrLocation
                0x0008929b        0x9 /cygdrive/d/TWESDK/516x/Components/Library/libAppApi_JN516x.a(AppApi.o)
                0x0008929b                _pvAppApiDefGetMacAddrLocation
 .text.vAppApiDefSetInterrupts
                0x000892a4       0x3d /cygdrive/d/TWESDK/516x/Components/Library/libAppApi_JN516x.a(AppApi.o)
                0x000892a4                _vAppApiDefSetInterrupts
 .text.vAppApiDefPowerUp
                0x000892e1       0x26 /cygdrive/d/TWESDK/516x/Components/Library/libAppApi_JN516x.a(AppApi.o)
                0x000892e1                _vAppApiDefPowerUp
 .text.vAppApiDefStartStack
                0x00089307       0x51 /cygdrive/d/TWESDK/516x/Components/Library/libAppApi_JN516x.a(AppApi.o)
                0x00089307                _vAppApiDefStartStack
 .text.u32AppApiDefInit
                0x00089358       0x5a /cygdrive/d/TWESDK/516x/Components/Library/libAppApi_JN516x.a(AppApi.o)
                0x00089358                _u32AppApiDefInit
 .text.eAppApiDefPlmeGet
                0x000893b2       0x33 /cygdrive/d/TWESDK/516x/Components/Library/libAppApi_JN516x.a(AppApi.o)
                0x000893b2                _eAppApiDefPlmeGet
 .text.vAppApiDefMcpsRequest
                0x000893e5       0x32 /cygdrive/d/TWESDK/516x/Components/Library/libAppApi_JN516x.a(AppApi.o)
                0x000893e5                _vAppApiDefMcpsRequest
 .text.vAppApiDefMlmeRequest
                0x00089417       0x32 /cygdrive/d/TWESDK/516x/Components/Library/libAppApi_JN516x.a(AppApi.o)
                0x00089417                _vAppApiDefMlmeRequest
 .text.eAppApiDefPlmeSet
                0x00089449       0x33 /cygdrive/d/TWESDK/516x/Components/Library/libAppApi_JN516x.a(AppApi.o)
                0x00089449                _eAppApiDefPlmeSet
 .text.vAppApiDefSaveMacSettings
                0x0008947c       0x5d /cygdrive/d/TWESDK/516x/Components/Library/libAppApi_JN516x.a(AppApiSleep.o)
                0x0008947c                _vAppApiDefSaveMacSettings
 .text.vMAC_RestoreSettings
                0x000894d9       0xc8 /cygdrive/d/TWESDK/516x/Components/Library/libAppApi_JN516x.a(AppApiSleep.o)
                0x000894d9                _vMAC_RestoreSettings
 .text.vAppApiDefRestoreMacSettings
                0x000895a1       0x25 /cygdrive/d/TWESDK/516x/Components/Library/libAppApi_JN516x.a(AppApiSleep.o)
                0x000895a1                _vAppApiDefRestoreMacSettings
 .text.vSetTimer0
                0x000895c6        0xf /cygdrive/d/TWESDK/516x/Components/Library/libMac_JN516x.a(mac_main.o)
                0x000895c6                _vSetTimer0
 .text.u32GetTimer0
                0x000895d5        0x7 /cygdrive/d/TWESDK/516x/Components/Library/libMac_JN516x.a(mac_main.o)
                0x000895d5                _u32GetTimer0
 .text.MAC_vXcvPhyEvtHandler
                0x000895dc       0x10 /cygdrive/d/TWESDK/516x/Components/Library/libMac_JN516x.a(mac_main.o)
                0x000895dc                _MAC_vXcvPhyEvtHandler
 .text.MAC_vXcvBbcEvtHandler
                0x000895ec       0x20 /cygdrive/d/TWESDK/516x/Components/Library/libMac_JN516x.a(mac_main.o)
                0x000895ec                _MAC_vXcvBbcEvtHandler
 .text.mac_vInitTimer0
                0x0008960c       0x20 /cygdrive/d/TWESDK/516x/Components/Library/libMac_JN516x.a(mac_main.o)
                0x0008960c                _mac_vInitTimer0
 .text.MAC_pvCtor
                0x0008962c       0x82 /cygdrive/d/TWESDK/516x/Components/Library/libMac_JN516x.a(mac_main.o)
                0x0008962c                _MAC_pvCtor
 .text.MAC_vHandleMcpsReqRsp
                0x000896ae       0x2d /cygdrive/d/TWESDK/516x/Components/Library/libMac_JN516x.a(mac_mcps.o)
                0x000896ae                _MAC_vHandleMcpsReqRsp
 .text.vHandleTofRequest
                0x000896db       0x12 /cygdrive/d/TWESDK/516x/Components/Library/libMac_JN516x.a(mac_mlme.o)
 *fill*         0x000896ed        0x3 00
 .text.MAC_vHandleMlmeReqRsp
                0x000896f0       0xb4 /cygdrive/d/TWESDK/516x/Components/Library/libMac_JN516x.a(mac_mlme.o)
                0x000896f0                _MAC_vHandleMlmeReqRsp
 .text.MAC_psPibGetHandle
                0x000897a4        0x7 /cygdrive/d/TWESDK/516x/Components/Library/libMac_JN516x.a(mac_pib.o)
                0x000897a4                _MAC_psPibGetHandle
 .text.MAC_vPibSetShortAddr
                0x000897ab        0xe /cygdrive/d/TWESDK/516x/Components/Library/libMac_JN516x.a(mac_pib.o)
                0x000897ab                _MAC_vPibSetShortAddr
 .text.MAC_vPibSetPanId
                0x000897b9       0x1b /cygdrive/d/TWESDK/516x/Components/Library/libMac_JN516x.a(mac_pib.o)
                0x000897b9                _MAC_vPibSetPanId
 .text.MAC_vPibSetMinBe
                0x000897d4       0x1e /cygdrive/d/TWESDK/516x/Components/Library/libMac_JN516x.a(mac_pib.o)
                0x000897d4                _MAC_vPibSetMinBe
 .text.MAC_vPibSetMaxCsmaBackoffs
                0x000897f2       0x21 /cygdrive/d/TWESDK/516x/Components/Library/libMac_JN516x.a(mac_pib.o)
                0x000897f2                _MAC_vPibSetMaxCsmaBackoffs
 .text.MAC_vSetExtAddr
                0x00089813       0x1f /cygdrive/d/TWESDK/516x/Components/Library/libMac_JN516x.a(mac_pib.o)
                0x00089813                _MAC_vSetExtAddr
 .text.MAC_vPibSetRxOnWhenIdle
                0x00089832       0x13 /cygdrive/d/TWESDK/516x/Components/Library/libMac_JN516x.a(mac_pib.o)
                0x00089832                _MAC_vPibSetRxOnWhenIdle
 .text.MAC_vPibSetPromiscuousMode
                0x00089845       0x40 /cygdrive/d/TWESDK/516x/Components/Library/libMac_JN516x.a(mac_pib.o)
                0x00089845                _MAC_vPibSetPromiscuousMode
 .text.mac_vPibCmpCoordExtAddr
                0x00089885       0x29 /cygdrive/d/TWESDK/516x/Components/Library/libMac_JN516x.a(mac_pib_mlme.o)
                0x00089885                _mac_vPibCmpCoordExtAddr
 .text.mac_vPibReset
                0x000898ae       0x87 /cygdrive/d/TWESDK/516x/Components/Library/libMac_JN516x.a(mac_pib_mlme.o)
                0x000898ae                _mac_vPibReset
 .text.mac_vPibSetDefaults
                0x00089935      0x12e /cygdrive/d/TWESDK/516x/Components/Library/libMac_JN516x.a(mac_pib_mlme.o)
                0x00089935                _mac_vPibSetDefaults
 .text.vPMICreset
                0x00089a63        0xd /cygdrive/d/TWESDK/516x/Components/Library/libMac_JN516x.a(mac_pmic.o)
                0x00089a63                _vPMICreset
 .text.vPMICpostFailedAssocDcfm
                0x00089a70       0x3d /cygdrive/d/TWESDK/516x/Components/Library/libMac_JN516x.a(mac_pmic.o)
                0x00089a70                _vPMICpostFailedAssocDcfm
 .text.vPMICassocReqTO_2
                0x00089aad       0x1d /cygdrive/d/TWESDK/516x/Components/Library/libMac_JN516x.a(mac_pmic.o)
 .text.vPMICassocReqFrameReceived
                0x00089aca       0x79 /cygdrive/d/TWESDK/516x/Components/Library/libMac_JN516x.a(mac_pmic.o)
                0x00089aca                _vPMICassocReqFrameReceived
 .text.vPMICdisassocReceived
                0x00089b43       0x93 /cygdrive/d/TWESDK/516x/Components/Library/libMac_JN516x.a(mac_pmic.o)
                0x00089b43                _vPMICdisassocReceived
 .text.vPMICassocRespFrameReceived
                0x00089bd6       0x93 /cygdrive/d/TWESDK/516x/Components/Library/libMac_JN516x.a(mac_pmic.o)
                0x00089bd6                _vPMICassocRespFrameReceived
 .text.vPMICassocReqTO_1
                0x00089c69       0x8c /cygdrive/d/TWESDK/516x/Components/Library/libMac_JN516x.a(mac_pmic.o)
 .text.vPMICdisassociateRequest
                0x00089cf5       0xf4 /cygdrive/d/TWESDK/516x/Components/Library/libMac_JN516x.a(mac_pmic.o)
                0x00089cf5                _vPMICdisassociateRequest
 .text.bPMICdisassocReqSent
                0x00089de9       0x83 /cygdrive/d/TWESDK/516x/Components/Library/libMac_JN516x.a(mac_pmic.o)
 .text.vPMICassociateResponse
                0x00089e6c       0xd9 /cygdrive/d/TWESDK/516x/Components/Library/libMac_JN516x.a(mac_pmic.o)
                0x00089e6c                _vPMICassociateResponse
 .text.bAssocRespSent
                0x00089f45       0x1d /cygdrive/d/TWESDK/516x/Components/Library/libMac_JN516x.a(mac_pmic.o)
 .text.vPMICassociateRequest
                0x00089f62       0xe6 /cygdrive/d/TWESDK/516x/Components/Library/libMac_JN516x.a(mac_pmic.o)
                0x00089f62                _vPMICassociateRequest
 .text.bPMICassocReqPollSent
                0x0008a048       0x5b /cygdrive/d/TWESDK/516x/Components/Library/libMac_JN516x.a(mac_pmic.o)
 .text.bPMICassocReqSent
                0x0008a0a3       0x8d /cygdrive/d/TWESDK/516x/Components/Library/libMac_JN516x.a(mac_pmic.o)
 .text.MAC_vRegisterMlmeDcfmIndCallbacks
                0x0008a130        0xc /cygdrive/d/TWESDK/516x/Components/Library/libMac_JN516x.a(mac_ind.o)
                0x0008a130                _MAC_vRegisterMlmeDcfmIndCallbacks
 .text.MAC_vRegisterMcpsDcfmIndCallbacks
                0x0008a13c        0xc /cygdrive/d/TWESDK/516x/Components/Library/libMac_JN516x.a(mac_ind.o)
                0x0008a13c                _MAC_vRegisterMcpsDcfmIndCallbacks
 .text.mac_psDcfmIndGetBuf
                0x0008a148       0x23 /cygdrive/d/TWESDK/516x/Components/Library/libMac_JN516x.a(mac_ind.o)
                0x0008a148                _mac_psDcfmIndGetBuf
 .text.mac_eDcfmIndPost
                0x0008a16b       0x21 /cygdrive/d/TWESDK/516x/Components/Library/libMac_JN516x.a(mac_ind.o)
                0x0008a16b                _mac_eDcfmIndPost
 .text.eScanHandleEvt
                0x0008a18c       0x2e /cygdrive/d/TWESDK/516x/Components/Library/libMac_JN516x.a(mac_scan.o)
                0x0008a18c                _eScanHandleEvt
 .text.vScanHandleTimer
                0x0008a1ba        0x8 /cygdrive/d/TWESDK/516x/Components/Library/libMac_JN516x.a(mac_scan.o)
 .text.eGenlIllegal
                0x0008a1c2        0x7 /cygdrive/d/TWESDK/516x/Components/Library/libMac_JN516x.a(mac_scan.o)
 .text.eGenlDontCare
                0x0008a1c9        0x5 /cygdrive/d/TWESDK/516x/Components/Library/libMac_JN516x.a(mac_scan.o)
 .text.eWEnDEdDone
                0x0008a1ce       0x64 /cygdrive/d/TWESDK/516x/Components/Library/libMac_JN516x.a(mac_scan.o)
 .text.eWEnDTmrExpiry
                0x0008a232        0xb /cygdrive/d/TWESDK/516x/Components/Library/libMac_JN516x.a(mac_scan.o)
 .text.mac_eScanHandleXcvBbcEvt
                0x0008a23d        0xf /cygdrive/d/TWESDK/516x/Components/Library/libMac_JN516x.a(mac_scan.o)
                0x0008a23d                _mac_eScanHandleXcvBbcEvt
 .text.mac_eScanHandleXcvPhyEvt
                0x0008a24c       0x12 /cygdrive/d/TWESDK/516x/Components/Library/libMac_JN516x.a(mac_scan.o)
                0x0008a24c                _mac_eScanHandleXcvPhyEvt
 .text.vSetNextChannel
                0x0008a25e       0x4a /cygdrive/d/TWESDK/516x/Components/Library/libMac_JN516x.a(mac_scan.o)
 .text.mac_vScanHandleMlmeReq
                0x0008a2a8       0x98 /cygdrive/d/TWESDK/516x/Components/Library/libMac_JN516x.a(mac_scan.o)
                0x0008a2a8                _mac_vScanHandleMlmeReq
 .text.mac_eScanInit
                0x0008a340       0x19 /cygdrive/d/TWESDK/516x/Components/Library/libMac_JN516x.a(mac_scan.o)
                0x0008a340                _mac_eScanInit
 .text.vPostDcfm
                0x0008a359       0xe9 /cygdrive/d/TWESDK/516x/Components/Library/libMac_JN516x.a(mac_scan.o)
 .text.eWCoRRxDone
                0x0008a442       0xb7 /cygdrive/d/TWESDK/516x/Components/Library/libMac_JN516x.a(mac_scan.o)
 .text.eGenTmrExpiry
                0x0008a4f9       0x4b /cygdrive/d/TWESDK/516x/Components/Library/libMac_JN516x.a(mac_scan.o)
 .text.eWEDTEdDone
                0x0008a544       0x1a /cygdrive/d/TWESDK/516x/Components/Library/libMac_JN516x.a(mac_scan.o)
 .text.eGenRxHdrDone
                0x0008a55e       0x13 /cygdrive/d/TWESDK/516x/Components/Library/libMac_JN516x.a(mac_scan.o)
 .text.eWONTTxDone
                0x0008a571       0x35 /cygdrive/d/TWESDK/516x/Components/Library/libMac_JN516x.a(mac_scan.o)
 .text.eWBRTTxDone
                0x0008a5a6       0x21 /cygdrive/d/TWESDK/516x/Components/Library/libMac_JN516x.a(mac_scan.o)
 .text.eWBcnRxDone
                0x0008a5c7      0x19e /cygdrive/d/TWESDK/516x/Components/Library/libMac_JN516x.a(mac_scan.o)
 .text.bSendMacCmd
                0x0008a765       0x40 /cygdrive/d/TWESDK/516x/Components/Library/libMac_JN516x.a(mac_scan.o)
 .text.eWChCChanChgd
                0x0008a7a5      0x170 /cygdrive/d/TWESDK/516x/Components/Library/libMac_JN516x.a(mac_scan.o)
 .text.mac_vLPBAdjustBeaconOffset
                0x0008a915       0x5d /cygdrive/d/TWESDK/516x/Components/Library/libMac_JN516x.a(mac_lp.o)
                0x0008a915                _mac_vLPBAdjustBeaconOffset
 .text.mac_u32LPBGetBeaconTimeout
                0x0008a972        0x9 /cygdrive/d/TWESDK/516x/Components/Library/libMac_JN516x.a(mac_lp.o)
                0x0008a972                _mac_u32LPBGetBeaconTimeout
 .text.MAC_u32ConvertFrom16uS
                0x0008a97b       0x41 /cygdrive/d/TWESDK/516x/Components/Library/libMac_JN516x.a(mac_lp.o)
                0x0008a97b                _MAC_u32ConvertFrom16uS
 .text.mac_vLPBSleep
                0x0008a9bc       0x55 /cygdrive/d/TWESDK/516x/Components/Library/libMac_JN516x.a(mac_lp.o)
                0x0008a9bc                _mac_vLPBSleep
 .text.mac_vLPBStopTimer
                0x0008aa11        0xe /cygdrive/d/TWESDK/516x/Components/Library/libMac_JN516x.a(mac_lp.o)
                0x0008aa11                _mac_vLPBStopTimer
 .text.mac_vLPBStartTimer
                0x0008aa1f       0x88 /cygdrive/d/TWESDK/516x/Components/Library/libMac_JN516x.a(mac_lp.o)
                0x0008aa1f                _mac_vLPBStartTimer
 .text.vMCPSframeReceived
                0x0008aaa7       0x5a /cygdrive/d/TWESDK/516x/Components/Library/libMac_JN516x.a(MCPS.o)
                0x0008aaa7                _vMCPSframeReceived
 .text.bSearchQueue
                0x0008ab01       0x36 /cygdrive/d/TWESDK/516x/Components/Library/libMac_JN516x.a(MCPS.o)
 .text.vTAM_MCPSpurgeRequest
                0x0008ab37       0x64 /cygdrive/d/TWESDK/516x/Components/Library/libMac_JN516x.a(MCPS.o)
                0x0008ab37                _vTAM_MCPSpurgeRequest
 .text.bMCPSframeTXcomplete
                0x0008ab9b       0x5a /cygdrive/d/TWESDK/516x/Components/Library/libMac_JN516x.a(MCPS.o)
 .text.vTAM_MCPSdataRequest
                0x0008abf5       0x46 /cygdrive/d/TWESDK/516x/Components/Library/libMac_JN516x.a(MCPS.o)
                0x0008abf5                _vTAM_MCPSdataRequest
 .text.phy_ePibGet
                0x0008ac3b       0x34 /cygdrive/d/TWESDK/516x/Components/Library/libMac_JN516x.a(phy_pib.o)
                0x0008ac3b                _phy_ePibGet
 .text.u8GetPapValue
                0x0008ac6f       0x21 /cygdrive/d/TWESDK/516x/Components/Library/libMac_JN516x.a(phy_pib.o)
 .text.vPhySetChannel
                0x0008ac90       0x77 /cygdrive/d/TWESDK/516x/Components/Library/libMac_JN516x.a(phy_pib.o)
                0x0008ac90                _vPhySetChannel
 .text.phy_ePibSet
                0x0008ad07       0x90 /cygdrive/d/TWESDK/516x/Components/Library/libMac_JN516x.a(phy_pib.o)
                0x0008ad07                _phy_ePibSet
 .text.phy_vPibSetDefaults
                0x0008ad97       0x2c /cygdrive/d/TWESDK/516x/Components/Library/libMac_JN516x.a(phy_pib.o)
                0x0008ad97                _phy_vPibSetDefaults
 .text.bTAMinPAN
                0x0008adc3       0x19 /cygdrive/d/TWESDK/516x/Components/Library/libMac_JN516x.a(TAM.o)
                0x0008adc3                _bTAMinPAN
 .text.eTAMevent
                0x0008addc       0x1a /cygdrive/d/TWESDK/516x/Components/Library/libMac_JN516x.a(TAM.o)
                0x0008addc                _eTAMevent
 *fill*         0x0008adf6        0x2 00
 .text.eTAMselect
                0x0008adf8      0x154 /cygdrive/d/TWESDK/516x/Components/Library/libMac_JN516x.a(TAM.o)
                0x0008adf8                _eTAMselect
 .text.vTAM_MLMEsyncRequest
                0x0008af4c       0x17 /cygdrive/d/TWESDK/516x/Components/Library/libMac_JN516x.a(TAM.o)
                0x0008af4c                _vTAM_MLMEsyncRequest
 .text.vTAM_MLMEstartRequest
                0x0008af63       0x87 /cygdrive/d/TWESDK/516x/Components/Library/libMac_JN516x.a(TAM.o)
                0x0008af63                _vTAM_MLMEstartRequest
 .text.vTAMreset
                0x0008afea      0x1f6 /cygdrive/d/TWESDK/516x/Components/Library/libMac_JN516x.a(TAM.o)
                0x0008afea                _vTAMreset
 .text.vTAMCOsetCoordinator
                0x0008b1e0       0x29 /cygdrive/d/TWESDK/516x/Components/Library/libMac_JN516x.a(TAMCO.o)
                0x0008b1e0                _vTAMCOsetCoordinator
 .text.vTAMCOupdatePendingList
                0x0008b209       0xbb /cygdrive/d/TWESDK/516x/Components/Library/libMac_JN516x.a(TAMCO.o)
                0x0008b209                _vTAMCOupdatePendingList
 .text.vTAMCOreqTXinCAP
                0x0008b2c4       0x2f /cygdrive/d/TWESDK/516x/Components/Library/libMac_JN516x.a(TAMCO.o)
                0x0008b2c4                _vTAMCOreqTXinCAP
 .text.vTrySendFromDirectNoBeacon
                0x0008b2f3       0x38 /cygdrive/d/TWESDK/516x/Components/Library/libMac_JN516x.a(TAMCO.o)
 .text.vTAMCOreqTXnoBeacon
                0x0008b32b       0x18 /cygdrive/d/TWESDK/516x/Components/Library/libMac_JN516x.a(TAMCO.o)
                0x0008b32b                _vTAMCOreqTXnoBeacon
 .text.vTAMCOframeRXnobeacon
                0x0008b343       0x18 /cygdrive/d/TWESDK/516x/Components/Library/libMac_JN516x.a(TAMCO.o)
                0x0008b343                _vTAMCOframeRXnobeacon
 .text.vTAMCOframeTXnobeacon
                0x0008b35b       0x1e /cygdrive/d/TWESDK/516x/Components/Library/libMac_JN516x.a(TAMCO.o)
                0x0008b35b                _vTAMCOframeTXnobeacon
 .text.vTrySendFromDirectCAP
                0x0008b379       0x25 /cygdrive/d/TWESDK/516x/Components/Library/libMac_JN516x.a(TAMCO.o)
 .text.vTAMCOframeRXcap
                0x0008b39e       0x18 /cygdrive/d/TWESDK/516x/Components/Library/libMac_JN516x.a(TAMCO.o)
                0x0008b39e                _vTAMCOframeRXcap
 .text.vTAMCOframeRXgoingIdle
                0x0008b3b6       0x1c /cygdrive/d/TWESDK/516x/Components/Library/libMac_JN516x.a(TAMCO.o)
                0x0008b3b6                _vTAMCOframeRXgoingIdle
 .text.vTAMCOframeTXcap
                0x0008b3d2       0x30 /cygdrive/d/TWESDK/516x/Components/Library/libMac_JN516x.a(TAMCO.o)
                0x0008b3d2                _vTAMCOframeTXcap
 .text.vTAMCOframeTXgoingIdle
                0x0008b402       0x1b /cygdrive/d/TWESDK/516x/Components/Library/libMac_JN516x.a(TAMCO.o)
                0x0008b402                _vTAMCOframeTXgoingIdle
 .text.vTAMCOint2Fired
                0x0008b41d       0x22 /cygdrive/d/TWESDK/516x/Components/Library/libMac_JN516x.a(TAMCO.o)
                0x0008b41d                _vTAMCOint2Fired
 .text.vTAMCOframeTXbeacon
                0x0008b43f       0xc9 /cygdrive/d/TWESDK/516x/Components/Library/libMac_JN516x.a(TAMCO.o)
                0x0008b43f                _vTAMCOframeTXbeacon
 .text.vTAMCOint1Fired
                0x0008b508       0xef /cygdrive/d/TWESDK/516x/Components/Library/libMac_JN516x.a(TAMCO.o)
                0x0008b508                _vTAMCOint1Fired
 .text.vTAMCOint1FiredCAP
                0x0008b5f7       0x7f /cygdrive/d/TWESDK/516x/Components/Library/libMac_JN516x.a(TAMCO.o)
                0x0008b5f7                _vTAMCOint1FiredCAP
 .text.vTAMCOstartBeacon
                0x0008b676       0x41 /cygdrive/d/TWESDK/516x/Components/Library/libMac_JN516x.a(TAMCO.o)
                0x0008b676                _vTAMCOstartBeacon
 .text.vStartStoreValues
                0x0008b6b7       0xbc /cygdrive/d/TWESDK/516x/Components/Library/libMac_JN516x.a(TAMCO.o)
 .text.bStartCallback
                0x0008b773       0x2f /cygdrive/d/TWESDK/516x/Components/Library/libMac_JN516x.a(TAMCO.o)
 .text.vTAMCO_MLMEstartRequest
                0x0008b7a2      0x11e /cygdrive/d/TWESDK/516x/Components/Library/libMac_JN516x.a(TAMCO.o)
                0x0008b7a2                _vTAMCO_MLMEstartRequest
 .text.vTAMCOframeStarting
                0x0008b8c0       0x1e /cygdrive/d/TWESDK/516x/Components/Library/libMac_JN516x.a(TAMCO.o)
                0x0008b8c0                _vTAMCOframeStarting
 .text.vTAMDEdetermineNullState
                0x0008b8de       0x1d /cygdrive/d/TWESDK/516x/Components/Library/libMac_JN516x.a(TAMDE.o)
                0x0008b8de                _vTAMDEdetermineNullState
 .text.vSetPHYfromMacValue
                0x0008b8fb       0x45 /cygdrive/d/TWESDK/516x/Components/Library/libMac_JN516x.a(TAMDE.o)
 .text.vTAMDEint1FiredWaitDR
                0x0008b940       0x20 /cygdrive/d/TWESDK/516x/Components/Library/libMac_JN516x.a(TAMDE.o)
                0x0008b940                _vTAMDEint1FiredWaitDR
 .text.vTAMDEstartSync
                0x0008b960       0x86 /cygdrive/d/TWESDK/516x/Components/Library/libMac_JN516x.a(TAMDE.o)
                0x0008b960                _vTAMDEstartSync
 .text.vTAMDE_MLMEsyncRequest
                0x0008b9e6       0x30 /cygdrive/d/TWESDK/516x/Components/Library/libMac_JN516x.a(TAMDE.o)
                0x0008b9e6                _vTAMDE_MLMEsyncRequest
 .text.vTrySendUnslotted
                0x0008ba16       0x23 /cygdrive/d/TWESDK/516x/Components/Library/libMac_JN516x.a(TAMDE.o)
 .text.vDeterminePowerState
                0x0008ba39       0x98 /cygdrive/d/TWESDK/516x/Components/Library/libMac_JN516x.a(TAMDE.o)
 .text.vTAMDEreqTXnullTrackingCAP
                0x0008bad1       0x1c /cygdrive/d/TWESDK/516x/Components/Library/libMac_JN516x.a(TAMDE.o)
                0x0008bad1                _vTAMDEreqTXnullTrackingCAP
 .text.vTAMDEint2FiredTrackingDR
                0x0008baed       0x2b /cygdrive/d/TWESDK/516x/Components/Library/libMac_JN516x.a(TAMDE.o)
                0x0008baed                _vTAMDEint2FiredTrackingDR
 .text.vTAMDEframeTXDEnull
                0x0008bb18       0x28 /cygdrive/d/TWESDK/516x/Components/Library/libMac_JN516x.a(TAMDE.o)
                0x0008bb18                _vTAMDEframeTXDEnull
 .text.vTAMDEframeTXtrackingCAPgts
                0x0008bb40       0x34 /cygdrive/d/TWESDK/516x/Components/Library/libMac_JN516x.a(TAMDE.o)
                0x0008bb40                _vTAMDEframeTXtrackingCAPgts
 .text.vTAMDEframeRX
                0x0008bb74       0x30 /cygdrive/d/TWESDK/516x/Components/Library/libMac_JN516x.a(TAMDE.o)
                0x0008bb74                _vTAMDEframeRX
 .text.vTAMDEframePreSyncReq
                0x0008bba4       0x21 /cygdrive/d/TWESDK/516x/Components/Library/libMac_JN516x.a(TAMDE.o)
                0x0008bba4                _vTAMDEframePreSyncReq
 .text.bSendDataRequest
                0x0008bbc5      0x113 /cygdrive/d/TWESDK/516x/Components/Library/libMac_JN516x.a(TAMDE.o)
 .text.vTAMDEframeRXtrackingDR
                0x0008bcd8       0x47 /cygdrive/d/TWESDK/516x/Components/Library/libMac_JN516x.a(TAMDE.o)
                0x0008bcd8                _vTAMDEframeRXtrackingDR
 .text.vTAMDEint2FiredPollActive
                0x0008bd1f       0x34 /cygdrive/d/TWESDK/516x/Components/Library/libMac_JN516x.a(TAMDE.o)
                0x0008bd1f                _vTAMDEint2FiredPollActive
 .text.vTAMDEframeTXtrackingDR
                0x0008bd53       0x6b /cygdrive/d/TWESDK/516x/Components/Library/libMac_JN516x.a(TAMDE.o)
                0x0008bd53                _vTAMDEframeTXtrackingDR
 .text.vTAMDEint1FiredTracking
                0x0008bdbe       0x6f /cygdrive/d/TWESDK/516x/Components/Library/libMac_JN516x.a(TAMDE.o)
                0x0008bdbe                _vTAMDEint1FiredTracking
 .text.vTAMDEint1FiredTrackingCAPgts
                0x0008be2d       0xca /cygdrive/d/TWESDK/516x/Components/Library/libMac_JN516x.a(TAMDE.o)
                0x0008be2d                _vTAMDEint1FiredTrackingCAPgts
 .text.vTAMDEint1FiredTrackingBeacon
                0x0008bef7       0xa7 /cygdrive/d/TWESDK/516x/Components/Library/libMac_JN516x.a(TAMDE.o)
                0x0008bef7                _vTAMDEint1FiredTrackingBeacon
 .text.bProcessBeaconRX
                0x0008bf9e       0xe6 /cygdrive/d/TWESDK/516x/Components/Library/libMac_JN516x.a(TAMDE.o)
 .text.vTAMDEframeRXsyncReq
                0x0008c084      0x26c /cygdrive/d/TWESDK/516x/Components/Library/libMac_JN516x.a(TAMDE.o)
                0x0008c084                _vTAMDEframeRXsyncReq
 .text.vTAMDEint1FiredSyncReq
                0x0008c2f0       0x7b /cygdrive/d/TWESDK/516x/Components/Library/libMac_JN516x.a(TAMDE.o)
                0x0008c2f0                _vTAMDEint1FiredSyncReq
 .text.pvMEMget
                0x0008c36b       0x27 /cygdrive/d/TWESDK/516x/Components/Library/libMac_JN516x.a(TAM_MEM.o)
                0x0008c36b                _pvMEMget
 .text.vMEMreturn
                0x0008c392       0x6a /cygdrive/d/TWESDK/516x/Components/Library/libMac_JN516x.a(TAM_MEM.o)
                0x0008c392                _vMEMreturn
 .text.vMEMreset
                0x0008c3fc       0x70 /cygdrive/d/TWESDK/516x/Components/Library/libMac_JN516x.a(TAM_MEM.o)
                0x0008c3fc                _vMEMreset
 .text.vMLMErxEnableConfirm
                0x0008c46c       0x37 /cygdrive/d/TWESDK/516x/Components/Library/libMac_JN516x.a(TAM_MLME.o)
                0x0008c46c                _vMLMErxEnableConfirm
 .text.vMLMEcommStatus
                0x0008c4a3       0x6e /cygdrive/d/TWESDK/516x/Components/Library/libMac_JN516x.a(TAM_MLME.o)
                0x0008c4a3                _vMLMEcommStatus
 .text.vMLMEcommStatusFromFrame
                0x0008c511       0x47 /cygdrive/d/TWESDK/516x/Components/Library/libMac_JN516x.a(TAM_MLME.o)
                0x0008c511                _vMLMEcommStatusFromFrame
 .text.vMLMEsyncLoss
                0x0008c558       0x38 /cygdrive/d/TWESDK/516x/Components/Library/libMac_JN516x.a(TAM_MLME.o)
                0x0008c558                _vMLMEsyncLoss
 .text.vMLMEbeaconNotify
                0x0008c590      0x17c /cygdrive/d/TWESDK/516x/Components/Library/libMac_JN516x.a(TAM_MLME.o)
                0x0008c590                _vMLMEbeaconNotify
 .text.vTAHsetCutOff
                0x0008c70c        0xa /cygdrive/d/TWESDK/516x/Components/Library/libMac_JN516x.a(TAM_TAH.o)
                0x0008c70c                _vTAHsetCutOff
 .text.vTAHsetSyncLock
                0x0008c716       0x18 /cygdrive/d/TWESDK/516x/Components/Library/libMac_JN516x.a(TAM_TAH.o)
                0x0008c716                _vTAHsetSyncLock
 .text.vTAHsetPhyStateDirect
                0x0008c72e       0x33 /cygdrive/d/TWESDK/516x/Components/Library/libMac_JN516x.a(TAM_TAH.o)
                0x0008c72e                _vTAHsetPhyStateDirect
 .text.vTAHsetPhyState
                0x0008c761       0x35 /cygdrive/d/TWESDK/516x/Components/Library/libMac_JN516x.a(TAM_TAH.o)
                0x0008c761                _vTAHsetPhyState
 .text.vTAIdisableInterrupt
                0x0008c796       0x10 /cygdrive/d/TWESDK/516x/Components/Library/libMac_JN516x.a(TAM_TAI.o)
                0x0008c796                _vTAIdisableInterrupt
 .text.vTAIsetRxEnableTime
                0x0008c7a6       0x1d /cygdrive/d/TWESDK/516x/Components/Library/libMac_JN516x.a(TAM_TAI.o)
                0x0008c7a6                _vTAIsetRxEnableTime
 .text.vTAIsetCapTime
                0x0008c7c3       0x1d /cygdrive/d/TWESDK/516x/Components/Library/libMac_JN516x.a(TAM_TAI.o)
                0x0008c7c3                _vTAIsetCapTime
 .text.eTATreadTXstatus
                0x0008c7e0       0x46 /cygdrive/d/TWESDK/516x/Components/Library/libMac_JN516x.a(TAM_TAT.o)
                0x0008c7e0                _eTATreadTXstatus
 .text.vTATgetFrameAddress
                0x0008c826       0x20 /cygdrive/d/TWESDK/516x/Components/Library/libMac_JN516x.a(TAM_TAT.o)
                0x0008c826                _vTATgetFrameAddress
 .text.vTATgetFramePayload
                0x0008c846       0x1d /cygdrive/d/TWESDK/516x/Components/Library/libMac_JN516x.a(TAM_TAT.o)
                0x0008c846                _vTATgetFramePayload
 .text.vTATsetBLE
                0x0008c863       0x3e /cygdrive/d/TWESDK/516x/Components/Library/libMac_JN516x.a(TAM_TAT.o)
                0x0008c863                _vTATsetBLE
 .text.vTATwriteAclMaterialToHardware
                0x0008c8a1       0x2c /cygdrive/d/TWESDK/516x/Components/Library/libMac_JN516x.a(TAM_TAT.o)
                0x0008c8a1                _vTATwriteAclMaterialToHardware
 .text.bIsBbcSafeForTx
                0x0008c8cd       0x2d /cygdrive/d/TWESDK/516x/Components/Library/libMac_JN516x.a(TAM_TAT.o)
                0x0008c8cd                _bIsBbcSafeForTx
 .text.vTATstartReceiveAt
                0x0008c8fa       0x1e /cygdrive/d/TWESDK/516x/Components/Library/libMac_JN516x.a(TAM_TAT.o)
                0x0008c8fa                _vTATstartReceiveAt
 .text.vWriteFrame
                0x0008c918       0x7d /cygdrive/d/TWESDK/516x/Components/Library/libMac_JN516x.a(TAM_TAT.o)
 .text.bTATsendFrame
                0x0008c995       0x5a /cygdrive/d/TWESDK/516x/Components/Library/libMac_JN516x.a(TAM_TAT.o)
                0x0008c995                _bTATsendFrame
 .text.bTATsendFrameAt
                0x0008c9ef       0x48 /cygdrive/d/TWESDK/516x/Components/Library/libMac_JN516x.a(TAM_TAT.o)
                0x0008c9ef                _bTATsendFrameAt
 .text.bTACassessBeaconForPayload
                0x0008ca37       0x4c /cygdrive/d/TWESDK/516x/Components/Library/libMac_JN516x.a(TAMcommon.o)
                0x0008ca37                _bTACassessBeaconForPayload
 .text.bTACframeInProgress
                0x0008ca83       0x27 /cygdrive/d/TWESDK/516x/Components/Library/libMac_JN516x.a(TAMcommon.o)
                0x0008ca83                _bTACframeInProgress
 .text.vTACu16ToPayloadM
                0x0008caaa        0xc /cygdrive/d/TWESDK/516x/Components/Library/libMac_JN516x.a(TAMcommon.o)
                0x0008caaa                _vTACu16ToPayloadM
 .text.vTACu32ToPayloadM
                0x0008cab6       0x18 /cygdrive/d/TWESDK/516x/Components/Library/libMac_JN516x.a(TAMcommon.o)
                0x0008cab6                _vTACu32ToPayloadM
 .text.u16TACpayloadToU16M
                0x0008cace        0xf /cygdrive/d/TWESDK/516x/Components/Library/libMac_JN516x.a(TAMcommon.o)
                0x0008cace                _u16TACpayloadToU16M
 .text.u32TACpayloadToU32M
                0x0008cadd       0x23 /cygdrive/d/TWESDK/516x/Components/Library/libMac_JN516x.a(TAMcommon.o)
                0x0008cadd                _u32TACpayloadToU32M
 .text.u8TACgetHeaderSize
                0x0008cb00       0x26 /cygdrive/d/TWESDK/516x/Components/Library/libMac_JN516x.a(TAMcommon.o)
                0x0008cb00                _u8TACgetHeaderSize
 .text.vTACsetTxFrameDefaults
                0x0008cb26       0x2a /cygdrive/d/TWESDK/516x/Components/Library/libMac_JN516x.a(TAMcommon.o)
                0x0008cb26                _vTACsetTxFrameDefaults
 .text.vTACcheckPollResponse
                0x0008cb50       0x37 /cygdrive/d/TWESDK/516x/Components/Library/libMac_JN516x.a(TAMcommon.o)
                0x0008cb50                _vTACcheckPollResponse
 .text.bUpdateTime
                0x0008cb87       0x46 /cygdrive/d/TWESDK/516x/Components/Library/libMac_JN516x.a(TAMcommon.o)
 .text.vTACbuildBeacon
                0x0008cbcd      0x257 /cygdrive/d/TWESDK/516x/Components/Library/libMac_JN516x.a(TAMcommon.o)
                0x0008cbcd                _vTACbuildBeacon
 .text.vTACsetFramePending
                0x0008ce24       0x3f /cygdrive/d/TWESDK/516x/Components/Library/libMac_JN516x.a(TAMcommon.o)
                0x0008ce24                _vTACsetFramePending
 .text.vTACsetPHYfromMacValue
                0x0008ce63       0x2b /cygdrive/d/TWESDK/516x/Components/Library/libMac_JN516x.a(TAMcommon.o)
                0x0008ce63                _vTACsetPHYfromMacValue
 .text.bTACcheckPANconflict
                0x0008ce8e       0xa8 /cygdrive/d/TWESDK/516x/Components/Library/libMac_JN516x.a(TAMcommon.o)
                0x0008ce8e                _bTACcheckPANconflict
 .text.bTACprocessUnexpectedBeacon
                0x0008cf36       0x6d /cygdrive/d/TWESDK/516x/Components/Library/libMac_JN516x.a(TAMcommon.o)
                0x0008cf36                _bTACprocessUnexpectedBeacon
 .text.bSendSyncLoss
                0x0008cfa3       0x1e /cygdrive/d/TWESDK/516x/Components/Library/libMac_JN516x.a(TAMcommon.o)
 .text.vTACinformOriginator
                0x0008cfc1       0x26 /cygdrive/d/TWESDK/516x/Components/Library/libMac_JN516x.a(TAMcommon.o)
                0x0008cfc1                _vTACinformOriginator
 .text.vTACintRXheader
                0x0008cfe7       0x98 /cygdrive/d/TWESDK/516x/Components/Library/libMac_JN516x.a(TAMcommon.o)
                0x0008cfe7                _vTACintRXheader
 .text.bTACprocessFrameRXcomplete
                0x0008d07f      0x231 /cygdrive/d/TWESDK/516x/Components/Library/libMac_JN516x.a(TAMcommon.o)
                0x0008d07f                _bTACprocessFrameRXcomplete
 .text.eTACprocessFrameTXcomplete
                0x0008d2b0      0x17c /cygdrive/d/TWESDK/516x/Components/Library/libMac_JN516x.a(TAMcommon.o)
                0x0008d2b0                _eTACprocessFrameTXcomplete
 .text.vTAMinsertEvent
                0x0008d42c       0x6c /cygdrive/d/TWESDK/516x/Components/Library/libMac_JN516x.a(TAMevent.o)
                0x0008d42c                _vTAMinsertEvent
 .text.vTAM_TxRetryTimeout
                0x0008d498        0x8 /cygdrive/d/TWESDK/516x/Components/Library/libMac_JN516x.a(TAMevent.o)
                0x0008d498                _vTAM_TxRetryTimeout
 .text.vTAM_QueueTxEvent
                0x0008d4a0       0x11 /cygdrive/d/TWESDK/516x/Components/Library/libMac_JN516x.a(TAMevent.o)
                0x0008d4a0                _vTAM_QueueTxEvent
 .text.vTAM_CancelTxRetryTimer
                0x0008d4b1        0xf /cygdrive/d/TWESDK/516x/Components/Library/libMac_JN516x.a(TAMevent.o)
                0x0008d4b1                _vTAM_CancelTxRetryTimer
 .text.vTAM_TxRetryTimer
                0x0008d4c0       0x13 /cygdrive/d/TWESDK/516x/Components/Library/libMac_JN516x.a(TAMevent.o)
                0x0008d4c0                _vTAM_TxRetryTimer
 .text.vTAQaddToFifo
                0x0008d4d3       0x1a /cygdrive/d/TWESDK/516x/Components/Library/libMac_JN516x.a(TAMqueue.o)
                0x0008d4d3                _vTAQaddToFifo
 .text.bTAQremoveFromFifo
                0x0008d4ed       0x3d /cygdrive/d/TWESDK/516x/Components/Library/libMac_JN516x.a(TAMqueue.o)
                0x0008d4ed                _bTAQremoveFromFifo
 .text.vTAQresetFifo
                0x0008d52a        0x9 /cygdrive/d/TWESDK/516x/Components/Library/libMac_JN516x.a(TAMqueue.o)
                0x0008d52a                _vTAQresetFifo
 .text.psTAQsearchFifoForHandle
                0x0008d533       0x18 /cygdrive/d/TWESDK/516x/Components/Library/libMac_JN516x.a(TAMqueue.o)
                0x0008d533                _psTAQsearchFifoForHandle
 .text.psTAQsearchFifo
                0x0008d54b       0x46 /cygdrive/d/TWESDK/516x/Components/Library/libMac_JN516x.a(TAMqueue.o)
                0x0008d54b                _psTAQsearchFifo
 .text.vDoGoOff
                0x0008d591       0x1a /cygdrive/d/TWESDK/516x/Components/Library/libMac_JN516x.a(TAMrxEnable.o)
 .text.vDoGoActive
                0x0008d5ab       0x28 /cygdrive/d/TWESDK/516x/Components/Library/libMac_JN516x.a(TAMrxEnable.o)
 .text.vTAM_MLMErxEnableRequest
                0x0008d5d3       0xc8 /cygdrive/d/TWESDK/516x/Components/Library/libMac_JN516x.a(TAMrxEnable.o)
                0x0008d5d3                _vTAM_MLMErxEnableRequest
 .text.vTAMRXEsetReceiveForPibChange
                0x0008d69b       0x33 /cygdrive/d/TWESDK/516x/Components/Library/libMac_JN516x.a(TAMrxEnable.o)
                0x0008d69b                _vTAMRXEsetReceiveForPibChange
 .text.vTAMRXEsetPhy
                0x0008d6ce       0xb6 /cygdrive/d/TWESDK/516x/Components/Library/libMac_JN516x.a(TAMrxEnable.o)
                0x0008d6ce                _vTAMRXEsetPhy
 .text.vTAMRXEint2Fired
                0x0008d784       0x42 /cygdrive/d/TWESDK/516x/Components/Library/libMac_JN516x.a(TAMrxEnable.o)
                0x0008d784                _vTAMRXEint2Fired
 .text.bSecurityLevelCheckingAlgorithm
                0x0008d7c6       0x25 /cygdrive/d/TWESDK/516x/Components/Library/libMac_JN516x.a(TAMsecurity.o)
 .text.u8TSCframeIncrease
                0x0008d7eb        0xf /cygdrive/d/TWESDK/516x/Components/Library/libMac_JN516x.a(TAMsecurity.o)
                0x0008d7eb                _u8TSCframeIncrease
 .text.vTSCsetUpwardSecurity
                0x0008d7fa       0x15 /cygdrive/d/TWESDK/516x/Components/Library/libMac_JN516x.a(TAMsecurity.o)
                0x0008d7fa                _vTSCsetUpwardSecurity
 .text.vCopyToDataFromMacAddr
                0x0008d80f       0x33 /cygdrive/d/TWESDK/516x/Components/Library/libMac_JN516x.a(TAMsecurity.o)
 .text.vTSCpostTransmitUpdate
                0x0008d842       0x3b /cygdrive/d/TWESDK/516x/Components/Library/libMac_JN516x.a(TAMsecurity.o)
                0x0008d842                _vTSCpostTransmitUpdate
 .text.vTSCsetOutgoingInfo
                0x0008d87d      0x158 /cygdrive/d/TWESDK/516x/Components/Library/libMac_JN516x.a(TAMsecurity.o)
                0x0008d87d                _vTSCsetOutgoingInfo
 .text.vMAC_RetrieveSecurityInfoFromFrame
                0x0008d9d5       0x92 /cygdrive/d/TWESDK/516x/Components/Library/libMac_JN516x.a(TAMsecurity.o)
                0x0008d9d5                _vMAC_RetrieveSecurityInfoFromFrame
 .text.MAC_bLookUpKeyDescriptor
                0x0008da67       0x7f /cygdrive/d/TWESDK/516x/Components/Library/libMac_JN516x.a(TAMsecurity.o)
 .text.bTSCgetOutgoingInfo2003
                0x0008dae6       0x21 /cygdrive/d/TWESDK/516x/Components/Library/libMac_JN516x.a(TAMsecurity.o)
                0x0008dae6                _bTSCgetOutgoingInfo2003
 .text.bTSCgetOutgoingInfo
                0x0008db07      0x11c /cygdrive/d/TWESDK/516x/Components/Library/libMac_JN516x.a(TAMsecurity.o)
                0x0008db07                _bTSCgetOutgoingInfo
 .text.vTSCgetIncomingInfo
                0x0008dc23       0xc6 /cygdrive/d/TWESDK/516x/Components/Library/libMac_JN516x.a(TAMsecurity.o)
                0x0008dc23                _vTSCgetIncomingInfo
 .text.bTSCcheckIncomingFrame
                0x0008dce9      0x689 /cygdrive/d/TWESDK/516x/Components/Library/libMac_JN516x.a(TAMsecurity.o)
                0x0008dce9                _bTSCcheckIncomingFrame
 .text.vTAStidyUpAfterFrameTX
                0x0008e372       0x26 /cygdrive/d/TWESDK/516x/Components/Library/libMac_JN516x.a(TAMsideways.o)
                0x0008e372                _vTAStidyUpAfterFrameTX
 .text.bTASsendCommStatusInd
                0x0008e398       0x1b /cygdrive/d/TWESDK/516x/Components/Library/libMac_JN516x.a(TAMsideways.o)
                0x0008e398                _bTASsendCommStatusInd
 .text.vTASretrieveSecurity
                0x0008e3b3       0x24 /cygdrive/d/TWESDK/516x/Components/Library/libMac_JN516x.a(TAMsideways.o)
                0x0008e3b3                _vTASretrieveSecurity
 .text.vTASretrieveFrame
                0x0008e3d7       0x88 /cygdrive/d/TWESDK/516x/Components/Library/libMac_JN516x.a(TAMsideways.o)
                0x0008e3d7                _vTASretrieveFrame
 .text.eTAStransmitRequest
                0x0008e45f      0x3e3 /cygdrive/d/TWESDK/516x/Components/Library/libMac_JN516x.a(TAMsideways.o)
                0x0008e45f                _eTAStransmitRequest
 .text.vTTIBLETimerExpired
                0x0008e842        0xb /cygdrive/d/TWESDK/516x/Components/Library/libMac_JN516x.a(TAMtime.o)
                0x0008e842                _vTTIBLETimerExpired
 .text.vTTITimer2Expired
                0x0008e84d        0x8 /cygdrive/d/TWESDK/516x/Components/Library/libMac_JN516x.a(TAMtime.o)
                0x0008e84d                _vTTITimer2Expired
 .text.vTTITimer1Expired
                0x0008e855        0x8 /cygdrive/d/TWESDK/516x/Components/Library/libMac_JN516x.a(TAMtime.o)
                0x0008e855                _vTTITimer1Expired
 .text.vTTITransactionTimerExpired
                0x0008e85d       0x2f /cygdrive/d/TWESDK/516x/Components/Library/libMac_JN516x.a(TAMtime.o)
                0x0008e85d                _vTTITransactionTimerExpired
 .text.vCmdWaitBusy
                0x0008e88c        0xd /cygdrive/d/TWESDK/516x/Components/Library/libMac_JN516x.a(TAM_AES.o)
 .text.vEcbEncodeStripe
                0x0008e899       0x55 /cygdrive/d/TWESDK/516x/Components/Library/libMac_JN516x.a(TAM_AES.o)
 .text.vFromU16ToLe
                0x0008e8ee        0xc /cygdrive/d/TWESDK/516x/Components/Library/libMac_JN516x.a(TAM_AES.o)
 .text.vFromU32ToLe
                0x0008e8fa       0x18 /cygdrive/d/TWESDK/516x/Components/Library/libMac_JN516x.a(TAM_AES.o)
 .text.u8TAM_AES_WriteAuxilliarySecurityHeaderIntoBuffer
                0x0008e912       0x6a /cygdrive/d/TWESDK/516x/Components/Library/libMac_JN516x.a(TAM_AES.o)
                0x0008e912                _u8TAM_AES_WriteAuxilliarySecurityHeaderIntoBuffer
 .text.u8Write802_15_4HeaderIntoBuffer
                0x0008e97c      0x110 /cygdrive/d/TWESDK/516x/Components/Library/libMac_JN516x.a(TAM_AES.o)
 .text.vWrite802_15_4NonceIntoBuffer
                0x0008ea8c       0x4a /cygdrive/d/TWESDK/516x/Components/Library/libMac_JN516x.a(TAM_AES.o)
 .text.vTAM_AES_OptimisedCcmStar
                0x0008ead6      0x244 /cygdrive/d/TWESDK/516x/Components/Library/libMac_JN516x.a(TAM_AES.o)
                0x0008ead6                _vTAM_AES_OptimisedCcmStar
 .text.bTAM_AES_CCMstarPatch2006
                0x0008ed1a       0xf4 /cygdrive/d/TWESDK/516x/Components/Library/libMac_JN516x.a(TAM_AES.o)
                0x0008ed1a                _bTAM_AES_CCMstarPatch2006
 .text.bTAM_AES_CCMstarPatch
                0x0008ee0e       0xfe /cygdrive/d/TWESDK/516x/Components/Library/libMac_JN516x.a(TAM_AES.o)
                0x0008ee0e                _bTAM_AES_CCMstarPatch
 .text.MAC_u8AclFindInfo
                0x0008ef0c      0x118 /cygdrive/d/TWESDK/516x/Components/Library/libMac_JN516x.a(mac_acl.o)
                0x0008ef0c                _MAC_u8AclFindInfo
 .text.vMAC_MISCorphanReceived
                0x0008f024       0x4f /cygdrive/d/TWESDK/516x/Components/Library/libMac_JN516x.a(mac_misc.o)
                0x0008f024                _vMAC_MISCorphanReceived
 .text.vMAC_MISCpollConfirm
                0x0008f073       0x35 /cygdrive/d/TWESDK/516x/Components/Library/libMac_JN516x.a(mac_misc.o)
                0x0008f073                _vMAC_MISCpollConfirm
 .text.vMAC_MISCpollRequest
                0x0008f0a8       0xbe /cygdrive/d/TWESDK/516x/Components/Library/libMac_JN516x.a(mac_misc.o)
                0x0008f0a8                _vMAC_MISCpollRequest
 .text.vMAC_MISCorphanResponse
                0x0008f166       0xc4 /cygdrive/d/TWESDK/516x/Components/Library/libMac_JN516x.a(mac_misc.o)
                0x0008f166                _vMAC_MISCorphanResponse
 .text.bPollReqSent
                0x0008f22a       0x1e /cygdrive/d/TWESDK/516x/Components/Library/libMac_JN516x.a(mac_misc.o)
 .text.vUpdateRegisters
                0x0008f248       0x4b /cygdrive/d/TWESDK/516x/Components/Library/libXcv_JN516x.a(xcv_main.o)
 .text.XCV_vCtor
                0x0008f293      0x1ae /cygdrive/d/TWESDK/516x/Components/Library/libXcv_JN516x.a(xcv_main.o)
                0x0008f293                _XCV_vCtor
 .text.XCV_vDevWriteIER